// Jest Snapshot v1, https://goo.gl/fbAQLP

exports[`<ColorPickerInput /> renders and matches the snapshot 1`] = `
.c1 {
  display: flex;
}

.c3 {
  background: #ffffff;
  padding-block: 8px;
  padding-inline: 8px;
  border-radius: 4px;
  border-color: #dcdce4;
  border: 1px solid #dcdce4;
  cursor: pointer;
}

.c2 {
  font-size: 1.2rem;
  line-height: 1.33;
  font-weight: 600;
  color: #32324d;
}

.c8 {
  font-size: 1.4rem;
  line-height: 1.43;
  color: #666687;
}

.c0 {
  align-items: stretch;
  display: flex;
  flex-direction: column;
  gap: 4px;
}

.c4 {
  align-items: center;
  display: flex;
  flex-direction: row;
}

.c9 {
  border: 0;
  clip: rect(0 0 0 0);
  height: 1px;
  margin: -1px;
  overflow: hidden;
  padding: 0;
  position: absolute;
  width: 1px;
}

.c5 {
  position: relative;
  outline: none;
}

.c5[aria-disabled='true'] {
  pointer-events: none;
}

.c5:after {
  transition-property: all;
  transition-duration: 0.2s;
  border-radius: 8px;
  content: '';
  position: absolute;
  top: -4px;
  bottom: -4px;
  left: -4px;
  right: -4px;
  border: 2px solid transparent;
}

.c5:focus-visible {
  outline: none;
}

.c5:focus-visible:after {
  border-radius: 8px;
  content: '';
  position: absolute;
  top: -5px;
  bottom: -5px;
  left: -5px;
  right: -5px;
  border: 2px solid #4945ff;
}

.c7 {
  border-radius: 50%;
  width: 20px;
  height: 20px;
  margin-right: 10px;
  background-color: #000000;
  border: 1px solid rgba(0, 0, 0, 0.1);
}

.c6 {
  display: flex;
  justify-content: space-between;
  align-items: center;
}

.c6 svg {
  width: 8px;
  height: 8px;
}

.c6 svg>path {
  fill: #8e8ea9;
  justify-self: flex-end;
}

<div>
  <form
    method="POST"
    novalidate=""
  >
    <div
      class="c0"
    >
      <div
        class="c0"
      >
        <label
          alignitems="center"
          class="c1 c2"
          for="color"
          id="color-label"
        >
          color-picker
        </label>
        <button
          aria-controls="color-picker-value"
          aria-disabled="false"
          aria-expanded="false"
          aria-haspopup="dialog"
          aria-label="Color picker toggle"
          class="c3 c4 c5 c6"
          type="button"
        >
          <div
            class="c4"
          >
            <div
              class="c7"
              color="#000000"
            />
            <span
              class="c8"
              style="text-transform: uppercase;"
            >
              #000000
            </span>
          </div>
          <svg
            aria-hidden="true"
            fill="currentColor"
            height="16"
            viewBox="0 0 32 32"
            width="16"
            xmlns="http://www.w3.org/2000/svg"
          >
            <path
              d="m26.708 12.708-10 10a1 1 0 0 1-1.415 0l-10-10A1 1 0 0 1 6 11h20a1 1 0 0 1 .707 1.707"
            />
          </svg>
        </button>
      </div>
    </div>
  </form>
  <span
    class="c9"
  >
    <p
      aria-live="polite"
      aria-relevant="all"
      id="live-region-log"
      role="log"
    />
    <p
      aria-live="polite"
      aria-relevant="all"
      id="live-region-status"
      role="status"
    />
    <p
      aria-live="assertive"
      aria-relevant="all"
      id="live-region-alert"
      role="alert"
    />
  </span>
</div>
`;
