// Jest Snapshot v1, https://goo.gl/fbAQLP

exports[`Onboarding renders and matches the snapshot 1`] = `
.c6 {
  font-size: 0.75rem;
  line-height: 1.33;
  font-weight: 600;
  color: #32324d;
}

.c14 {
  font-size: 0.875rem;
  line-height: 1.43;
  font-weight: 600;
  color: #32324d;
}

.c15 {
  font-size: 0.75rem;
  line-height: 1.33;
  color: #4945ff;
}

.c23 {
  font-weight: 600;
  font-size: 2rem;
  line-height: 1.25;
  color: #dcdce4;
}

.c32 {
  font-size: 0.75rem;
  line-height: 1.33;
  color: #666687;
}

.c39 {
  font-weight: 600;
  font-size: 0.6875rem;
  line-height: 1.45;
  text-transform: uppercase;
  color: #271fe0;
}

.c1 {
  position: fixed;
  right: 8px;
  bottom: 8px;
}

.c7 {
  color: #ffffff;
}

.c10 {
  background: #ffffff;
  border-radius: 4px;
}

.c12 {
  padding-top: 20px;
  padding-right: 20px;
  padding-bottom: 16px;
  padding-left: 20px;
}

.c17 {
  background: #eaeaef;
}

.c19 {
  padding-top: 16px;
  padding-right: 64px;
  padding-bottom: 16px;
  padding-left: 24px;
  border-radius: 4px;
}

.c22 {
  padding-right: 20px;
}

.c24 {
  position: relative;
}

.c26 {
  background: #4945ff;
  border-radius: 50%;
  position: absolute;
  left: 50%;
  top: 50%;
  width: 24px;
  height: 24px;
}

.c29 {
  color: #ffffff;
  width: 12px;
  height: 12px;
}

.c30 {
  padding-left: 16px;
}

.c33 {
  padding-top: 8px;
  padding-bottom: 20px;
  padding-left: 20px;
}

.c37 {
  color: #4945ff;
}

.c13 {
  -webkit-align-items: end;
  -webkit-box-align: end;
  -ms-flex-align: end;
  align-items: end;
  display: -webkit-box;
  display: -webkit-flex;
  display: -ms-flexbox;
  display: flex;
  -webkit-flex-direction: row;
  -ms-flex-direction: row;
  flex-direction: row;
  -webkit-box-pack: justify;
  -webkit-justify-content: space-between;
  -ms-flex-pack: justify;
  justify-content: space-between;
}

.c20 {
  -webkit-align-items: center;
  -webkit-box-align: center;
  -ms-flex-align: center;
  align-items: center;
  display: -webkit-box;
  display: -webkit-flex;
  display: -ms-flexbox;
  display: flex;
  -webkit-flex-direction: row;
  -ms-flex-direction: row;
  flex-direction: row;
}

.c27 {
  -webkit-align-items: center;
  -webkit-box-align: center;
  -ms-flex-align: center;
  align-items: center;
  display: -webkit-box;
  display: -webkit-flex;
  display: -ms-flexbox;
  display: flex;
  -webkit-flex-direction: row;
  -ms-flex-direction: row;
  flex-direction: row;
  -webkit-box-pack: center;
  -webkit-justify-content: center;
  -ms-flex-pack: center;
  justify-content: center;
}

.c31 {
  -webkit-align-items: start;
  -webkit-box-align: start;
  -ms-flex-align: start;
  align-items: start;
  display: -webkit-box;
  display: -webkit-flex;
  display: -ms-flexbox;
  display: flex;
  -webkit-flex-direction: column;
  -ms-flex-direction: column;
  flex-direction: column;
}

.c34 {
  -webkit-align-items: stretch;
  -webkit-box-align: stretch;
  -ms-flex-align: stretch;
  align-items: stretch;
  display: -webkit-box;
  display: -webkit-flex;
  display: -ms-flexbox;
  display: flex;
  -webkit-flex-direction: column;
  -ms-flex-direction: column;
  flex-direction: column;
}

.c35 > * {
  margin-top: 0;
  margin-bottom: 0;
}

.c35 > * + * {
  margin-top: 8px;
}

.c36 > * {
  margin-left: 0;
  margin-right: 0;
}

.c36 > * + * {
  margin-left: 12px;
}

.c8 path {
  fill: #ffffff;
}

.c38 path {
  fill: #4945ff;
}

.c2 {
  display: -webkit-box;
  display: -webkit-flex;
  display: -ms-flexbox;
  display: flex;
  cursor: pointer;
  padding: 8px;
  border-radius: 4px;
  background: #ffffff;
  border: 1px solid #dcdce4;
  position: relative;
  outline: none;
}

.c2 svg {
  height: 12px;
  width: 12px;
}

.c2 svg > g,
.c2 svg path {
  fill: #ffffff;
}

.c2[aria-disabled='true'] {
  pointer-events: none;
}

.c2:after {
  -webkit-transition-property: all;
  transition-property: all;
  -webkit-transition-duration: 0.2s;
  transition-duration: 0.2s;
  border-radius: 8px;
  content: '';
  position: absolute;
  top: -4px;
  bottom: -4px;
  left: -4px;
  right: -4px;
  border: 2px solid transparent;
}

.c2:focus-visible {
  outline: none;
}

.c2:focus-visible:after {
  border-radius: 8px;
  content: '';
  position: absolute;
  top: -5px;
  bottom: -5px;
  left: -5px;
  right: -5px;
  border: 2px solid #4945ff;
}

.c9 {
  border: 0;
  -webkit-clip: rect(0 0 0 0);
  clip: rect(0 0 0 0);
  height: 1px;
  margin: -1px;
  overflow: hidden;
  padding: 0;
  position: absolute;
  width: 1px;
}

.c3 {
  -webkit-align-items: center;
  -webkit-box-align: center;
  -ms-flex-align: center;
  align-items: center;
  background-color: #4945ff;
  border: 1px solid #4945ff;
  height: 2rem;
  padding-left: 16px;
  padding-right: 16px;
}

.c3 .c0 {
  display: -webkit-box;
  display: -webkit-flex;
  display: -ms-flexbox;
  display: flex;
  -webkit-align-items: center;
  -webkit-box-align: center;
  -ms-flex-align: center;
  align-items: center;
}

.c3 .c5 {
  color: #ffffff;
}

.c3[aria-disabled='true'] {
  border: 1px solid #dcdce4;
  background: #eaeaef;
}

.c3[aria-disabled='true'] .c5 {
  color: #666687;
}

.c3[aria-disabled='true'] svg > g,.c3[aria-disabled='true'] svg path {
  fill: #666687;
}

.c3[aria-disabled='true']:active {
  border: 1px solid #dcdce4;
  background: #eaeaef;
}

.c3[aria-disabled='true']:active .c5 {
  color: #666687;
}

.c3[aria-disabled='true']:active svg > g,.c3[aria-disabled='true']:active svg path {
  fill: #666687;
}

.c3:hover {
  border: 1px solid #7b79ff;
  background: #7b79ff;
}

.c3:active {
  border: 1px solid #4945ff;
  background: #4945ff;
}

.c3 svg > g,
.c3 svg path {
  fill: #ffffff;
}

.c11 {
  box-shadow: 0px 1px 4px rgba(33,33,52,0.1);
  z-index: 4;
  border: 1px solid #eaeaef;
  background: #ffffff;
}

.c18 {
  height: 1px;
  border: none;
  -webkit-flex-shrink: 0;
  -ms-flex-negative: 0;
  flex-shrink: 0;
  margin: 0;
}

.c4 {
  border-radius: 50%;
  padding: 12px;
  height: 100%;
}

.c28 {
  -webkit-transform: translate(-50%,-50%);
  -ms-transform: translate(-50%,-50%);
  transform: translate(-50%,-50%);
}

.c21 {
  -webkit-text-decoration: none;
  text-decoration: none;
}

.c21:focus-visible {
  outline-offset: -4px;
}

.c21:hover {
  background: #f0f0ff;
}

.c21:hover div:first-child span {
  color: #7b79ff;
}

.c21:hover span:nth-child(1) {
  color: #4945ff;
}

.c25 {
  width: 56px;
  height: 40px;
  background: #32324d1F;
  border-radius: 4px;
}

.c16 {
  -webkit-text-decoration: none;
  text-decoration: none;
}

<body>
  <div>
    <aside
      class="c0 c1"
    >
      <button
        aria-disabled="false"
        aria-label="Close help menu"
        class="c2 c3 c4"
        type="button"
      >
        <span
          class="c5 c6"
        >
          <svg
            class="c0 c7 c8"
            fill="none"
            height="1em"
            viewBox="0 0 24 24"
            width="1em"
            xmlns="http://www.w3.org/2000/svg"
          >
            <path
              d="M24 2.417L21.583 0 12 9.583 2.417 0 0 2.417 9.583 12 0 21.583 2.417 24 12 14.417 21.583 24 24 21.583 14.417 12 24 2.417z"
              fill="#212134"
            />
          </svg>
        </span>
      </button>
    </aside>
    <div
      class="c9"
    >
      <p
        aria-live="polite"
        aria-relevant="all"
        id="live-region-log"
        role="log"
      />
      <p
        aria-live="polite"
        aria-relevant="all"
        id="live-region-status"
        role="status"
      />
      <p
        aria-live="assertive"
        aria-relevant="all"
        id="live-region-alert"
        role="alert"
      />
    </div>
  </div>
  <div
    data-react-portal="true"
  >
    <div
      class="c0 c10 c11"
      style="position: fixed;"
    >
      <div>
        <div
          class="c0 c12 c13"
        >
          <span
            class="c5 c14"
          >
            Get started videos
          </span>
          <a
            class="c5 c15 c16"
            href="https://www.youtube.com/playlist?list=PL7Q0DQYATmvidz6lEmwE5nIcOAYagxWqq"
            rel="noreferrer noopener"
            target="_blank"
          >
            Watch more videos
          </a>
        </div>
        <hr
          class="c0 c17 c18"
        />
        <a
          class="c0 c19 c20 c21"
          href="https://www.youtube.com/watch?v=G9GjN0RxhkE"
          rel="noreferrer noopener"
          target="_blank"
        >
          <div
            class="c0 c22"
          >
            <span
              class="c5 c23"
            >
              1
            </span>
          </div>
          <div
            class="c0 c24"
          >
            <img
              alt="onboarding preview"
              class="c25"
              src="IMAGE_MOCK"
            />
            <div
              class="c0 c26 c27 c28"
            >
              <svg
                class="c0 c29 c8"
                fill="none"
                height="1em"
                viewBox="0 0 8 8"
                width="1em"
                xmlns="http://www.w3.org/2000/svg"
              >
                <path
                  d="M2 .93c0-.4.45-.63.78-.41l4.6 3.06c.3.2.3.64 0 .84l-4.6 3.06A.5.5 0 012 7.07V.93z"
                  fill="#212134"
                />
              </svg>
            </div>
          </div>
          <div
            class="c0 c30 c31"
          >
            <span
              class="c5 c14"
            >
              Build a content architecture
            </span>
            <span
              class="c5 c32"
            >
              5:48
            </span>
          </div>
        </a>
        <a
          class="c0 c19 c20 c21"
          href="https://www.youtube.com/watch?v=DEZw4KbybAI"
          rel="noreferrer noopener"
          target="_blank"
        >
          <div
            class="c0 c22"
          >
            <span
              class="c5 c23"
            >
              2
            </span>
          </div>
          <div
            class="c0 c24"
          >
            <img
              alt="onboarding preview"
              class="c25"
              src="IMAGE_MOCK"
            />
            <div
              class="c0 c26 c27 c28"
            >
              <svg
                class="c0 c29 c8"
                fill="none"
                height="1em"
                viewBox="0 0 8 8"
                width="1em"
                xmlns="http://www.w3.org/2000/svg"
              >
                <path
                  d="M2 .93c0-.4.45-.63.78-.41l4.6 3.06c.3.2.3.64 0 .84l-4.6 3.06A.5.5 0 012 7.07V.93z"
                  fill="#212134"
                />
              </svg>
            </div>
          </div>
          <div
            class="c0 c30 c31"
          >
            <span
              class="c5 c14"
            >
              Add & manage content
            </span>
            <span
              class="c5 c32"
            >
              3:18
            </span>
          </div>
        </a>
        <a
          class="c0 c19 c20 c21"
          href="https://www.youtube.com/watch?v=-61MuiMQb38"
          rel="noreferrer noopener"
          target="_blank"
        >
          <div
            class="c0 c22"
          >
            <span
              class="c5 c23"
            >
              3
            </span>
          </div>
          <div
            class="c0 c24"
          >
            <img
              alt="onboarding preview"
              class="c25"
              src="IMAGE_MOCK"
            />
            <div
              class="c0 c26 c27 c28"
            >
              <svg
                class="c0 c29 c8"
                fill="none"
                height="1em"
                viewBox="0 0 8 8"
                width="1em"
                xmlns="http://www.w3.org/2000/svg"
              >
                <path
                  d="M2 .93c0-.4.45-.63.78-.41l4.6 3.06c.3.2.3.64 0 .84l-4.6 3.06A.5.5 0 012 7.07V.93z"
                  fill="#212134"
                />
              </svg>
            </div>
          </div>
          <div
            class="c0 c30 c31"
          >
            <span
              class="c5 c14"
            >
              Manage media
            </span>
            <span
              class="c5 c32"
            >
              3:41
            </span>
          </div>
        </a>
        <div
          class="c0 c33 c34 c35"
        >
          <div
            class="c0 c20 c36"
          >
            <svg
              class="c0 c37 c38"
              fill="none"
              height="1em"
              viewBox="0 0 24 24"
              width="1em"
              xmlns="http://www.w3.org/2000/svg"
            >
              <path
                d="M13 21v2.5l-3-2-3 2V21h-.5A3.5 3.5 0 013 17.5V5a3 3 0 013-3h14a1 1 0 011 1v17a1 1 0 01-1 1h-7zm-6-2v-2h6v2h6v-3H6.5a1.5 1.5 0 100 3H7zM7 5v2h2V5H7zm0 3v2h2V8H7zm0 3v2h2v-2H7z"
                fill="#212134"
              />
            </svg>
            <a
              class="c5 c39 c16"
              href="https://docs.strapi.io"
              rel="noreferrer noopener"
              target="_blank"
            >
              documentation
            </a>
          </div>
          <div
            class="c0 c20 c36"
          >
            <svg
              class="c0 c37 c38"
              fill="none"
              height="1em"
              viewBox="0 0 24 24"
              width="1em"
              xmlns="http://www.w3.org/2000/svg"
            >
              <path
                d="M1.946 9.315c-.522-.174-.527-.455.01-.634l19.087-6.362c.53-.176.832.12.684.638l-5.454 19.086c-.15.529-.455.547-.679.045L12 14l6-8-8 6-8.054-2.685z"
                fill="#212134"
              />
            </svg>
            <a
              class="c5 c39 c16"
              href="https://strapi-showcase.s3-us-west-2.amazonaws.com/CheatSheet.pdf"
              rel="noreferrer noopener"
              target="_blank"
            >
              cheatsheet
            </a>
          </div>
        </div>
      </div>
    </div>
  </div>
</body>
`;
