// Jest Snapshot v1, https://goo.gl/fbAQLP

exports[`<ContentTypeBuilderNav /> renders and matches the snapshot 1`] = `
.c2 {
  padding-block-start: 24px;
  padding-inline-end: 16px;
  padding-block-end: 8px;
  padding-inline-start: 24px;
}

.c6 {
  background: #ffffff;
  padding-block: 8px;
  padding-inline: 8px;
  border-radius: 4px;
  border-color: #dcdce4;
  border: 1px solid #dcdce4;
  cursor: pointer;
}

.c11 {
  padding-block-start: 16px;
}

.c12 {
  background: #eaeaef;
}

.c15 {
  padding-block-start: 8px;
  padding-block-end: 16px;
}

.c18 {
  padding-block-start: 8px;
  padding-inline-end: 16px;
  padding-block-end: 8px;
  padding-inline-start: 24px;
}

.c20 {
  padding-inline-end: 24px;
  position: relative;
}

.c21 {
  text-align: left;
}

.c23 {
  padding-inline-end: 4px;
}

.c25 {
  background: #eaeaef;
  padding-inline-end: 8px;
  padding-inline-start: 8px;
  position: absolute;
  right: 0;
  top: 50%;
  min-width: 20px;
  transform: translateY(-50%);
}

.c28 {
  background: #f6f6f9;
  padding-block-start: 8px;
  padding-block-end: 8px;
  padding-inline-start: 32px;
  cursor: pointer;
}

.c31 {
  padding-inline-start: 8px;
}

.c33 {
  padding-inline-start: 32px;
}

.c34 {
  background: transparent;
  margin-block-start: 8px;
}

.c38 {
  padding-block-start: 8px;
  padding-inline-end: 16px;
  padding-block-end: 8px;
  padding-inline-start: 32px;
}

.c42 {
  background: #f6f6f9;
  padding-block-start: 8px;
  padding-block-end: 8px;
  padding-inline-start: 48px;
  cursor: pointer;
}

.c43 {
  padding-block-end: 56px;
}

.c5 {
  font-weight: 600;
  font-size: 1.8rem;
  line-height: 1.22;
  color: currentcolor;
}

.c24 {
  font-weight: 600;
  font-size: 1.1rem;
  line-height: 1.45;
  text-transform: uppercase;
  color: #666687;
}

.c32 {
  font-size: 1.4rem;
  line-height: 1.43;
  color: currentcolor;
}

.c37 {
  font-size: 1.2rem;
  line-height: 1.33;
  color: #4945ff;
}

.c41 {
  font-size: 1.4rem;
  line-height: 1.43;
  font-weight: 500;
  color: #32324d;
}

.c3 {
  align-items: flex-start;
  display: flex;
  flex-direction: column;
}

.c4 {
  align-items: flex-start;
  display: flex;
  flex-direction: row;
  justify-content: space-between;
}

.c7 {
  align-items: center;
  display: flex;
  flex-direction: row;
  justify-content: center;
}

.c16 {
  align-items: stretch;
  display: flex;
  flex-direction: column;
  gap: 8px;
}

.c17 {
  align-items: stretch;
  display: flex;
  flex-direction: column;
  gap: 4px;
}

.c22 {
  align-items: center;
  display: flex;
  flex-direction: row;
}

.c26 {
  align-items: center;
  display: inline-flex;
  flex-direction: row;
  justify-content: center;
}

.c35 {
  align-items: center;
  display: flex;
  flex-direction: row;
  gap: 8px;
}

.c39 {
  align-items: center;
  display: flex;
  flex-direction: row;
  justify-content: space-between;
}

.c36 {
  border: none;
  position: relative;
  outline: none;
}

.c36[aria-disabled='true'] {
  pointer-events: none;
}

.c36[aria-disabled='true'] svg path {
  fill: #666687;
}

.c36 svg path {
  fill: #4945ff;
}

.c36:after {
  transition-property: all;
  transition-duration: 0.2s;
  border-radius: 8px;
  content: '';
  position: absolute;
  top: -4px;
  bottom: -4px;
  left: -4px;
  right: -4px;
  border: 2px solid transparent;
}

.c36:focus-visible {
  outline: none;
}

.c36:focus-visible:after {
  border-radius: 8px;
  content: '';
  position: absolute;
  top: -5px;
  bottom: -5px;
  left: -5px;
  right: -5px;
  border: 2px solid #4945ff;
}

.c10 {
  border: 0;
  clip: rect(0 0 0 0);
  height: 1px;
  margin: -1px;
  overflow: hidden;
  padding: 0;
  position: absolute;
  width: 1px;
}

.c27 {
  border-radius: 4px;
  height: 2.4rem;
}

.c8 {
  position: relative;
  outline: none;
}

.c8[aria-disabled='true'] {
  pointer-events: none;
}

.c8:after {
  transition-property: all;
  transition-duration: 0.2s;
  border-radius: 8px;
  content: '';
  position: absolute;
  top: -4px;
  bottom: -4px;
  left: -4px;
  right: -4px;
  border: 2px solid transparent;
}

.c8:focus-visible {
  outline: none;
}

.c8:focus-visible:after {
  border-radius: 8px;
  content: '';
  position: absolute;
  top: -5px;
  bottom: -5px;
  left: -5px;
  right: -5px;
  border: 2px solid #4945ff;
}

.c13 {
  height: 1px;
  border: none;
  flex-shrink: 0;
  margin: 0;
}

.c9 {
  border-color: #dcdce4;
  height: 3.2rem;
  width: 3.2rem;
  color: #8e8ea9;
}

.c9:hover,
.c9:focus {
  color: #666687;
}

.c9[aria-disabled='true'] {
  color: #666687;
}

.c1 {
  width: 23.2rem;
  background: #f6f6f9;
  position: sticky;
  top: 0;
  height: 100vh;
  overflow-y: auto;
  border-right: 1px solid #dcdce4;
  z-index: 1;
}

.c14 {
  width: 2.4rem;
  background-color: #dcdce4;
}

.c29 {
  display: flex;
  align-items: center;
  justify-content: space-between;
  text-decoration: none;
  color: #32324d;
}

.c29 svg>* {
  fill: #666687;
}

.c29.active {
  background-color: #f0f0ff;
  border-right: 2px solid #4945ff;
  color: #271fe0;
  font-weight: 500;
}

.c29:focus-visible {
  outline-offset: -2px;
}

.c30 {
  width: 0.4rem;
  height: 0.4rem;
  background-color: #666687;
  border-radius: 50%;
}

.c40 {
  border: none;
  padding: 0;
  background: transparent;
  display: flex;
  align-items: center;
}

.c19>svg {
  height: 0.4rem;
  fill: #8e8ea9;
}

.c0 {
  display: grid;
  grid-template-columns: auto 1fr;
}

.c44 {
  overflow-x: hidden;
}

<div>
  <div
    class="c0"
  >
    <nav
      aria-label="Content-Types Builder"
      class="c1"
    >
      <div
        class="c2 c3"
      >
        <div
          class="c4"
        >
          <h2
            class="c5"
          >
            Content-Types Builder
          </h2>
          <span>
            <button
              aria-disabled="false"
              aria-labelledby=":r1:"
              class="c6 c7 c8 c9"
              tabindex="0"
              type="button"
            >
              <span
                class="c10"
              >
                Search
              </span>
              <svg
                aria-hidden="true"
                fill="currentColor"
                focusable="false"
                height="16"
                viewBox="0 0 32 32"
                width="16"
                xmlns="http://www.w3.org/2000/svg"
              >
                <path
                  d="M29.061 26.939 23.125 21A11.515 11.515 0 1 0 21 23.125l5.941 5.942a1.503 1.503 0 0 0 2.125-2.125zM5.5 14a8.5 8.5 0 1 1 8.5 8.5A8.51 8.51 0 0 1 5.5 14"
                />
              </svg>
            </button>
          </span>
        </div>
        <div
          class="c11"
        >
          <hr
            class="c12 c13 c14"
          />
        </div>
      </div>
      <div
        class="c15"
      >
        <ol
          class="c16"
        >
          <li>
            <div
              class="c17"
            >
              <div
                class="c18 c19"
              >
                <div
                  class="c20"
                >
                  <button
                    aria-controls=":r3:"
                    aria-expanded="true"
                    class="c21 c22"
                  >
                    <div
                      class="c23"
                    >
                      <span
                        class="c24"
                      >
                        Collection Types
                      </span>
                    </div>
                    <svg
                      aria-hidden="true"
                      fill="#8e8ea9"
                      height="16"
                      style="transform: rotateX(0deg);"
                      viewBox="0 0 32 32"
                      width="1.2rem"
                      xmlns="http://www.w3.org/2000/svg"
                    >
                      <path
                        d="m26.708 12.708-10 10a1 1 0 0 1-1.415 0l-10-10A1 1 0 0 1 6 11h20a1 1 0 0 1 .707 1.707"
                      />
                    </svg>
                  </button>
                  <div
                    class="c25 c26 c27"
                  >
                    <span
                      class="c24"
                    >
                      2
                    </span>
                  </div>
                </div>
              </div>
              <ol
                id=":r3:"
              >
                <li>
                  <a
                    aria-disabled="false"
                    class="c28 c29"
                    href="/plugins/content-type-builder/content-types/application::address.address"
                    target="_self"
                  >
                    <div
                      class="c22"
                    >
                      <span
                        class="c30"
                      />
                      <span
                        class="c31 c32"
                      >
                        Address
                      </span>
                    </div>
                  </a>
                </li>
                <li>
                  <a
                    aria-disabled="false"
                    class="c28 c29"
                    href="/plugins/content-type-builder/content-types/application::category.category"
                    target="_self"
                  >
                    <div
                      class="c22"
                    >
                      <span
                        class="c30"
                      />
                      <span
                        class="c31 c32"
                      >
                        Category
                      </span>
                    </div>
                  </a>
                </li>
              </ol>
            </div>
            <div
              class="c33"
            >
              <button
                aria-disabled="false"
                class="c34 c35 c36"
                type="button"
              >
                <svg
                  fill="currentColor"
                  height="0.8rem"
                  viewBox="0 0 32 32"
                  width="0.8rem"
                  xmlns="http://www.w3.org/2000/svg"
                >
                  <path
                    d="M28.5 16a1.5 1.5 0 0 1-1.5 1.5h-9.5V27a1.5 1.5 0 1 1-3 0v-9.5H5a1.5 1.5 0 1 1 0-3h9.5V5a1.5 1.5 0 1 1 3 0v9.5H27a1.5 1.5 0 0 1 1.5 1.5"
                  />
                </svg>
                <span
                  class="c37"
                >
                  Create new collection type
                </span>
              </button>
            </div>
          </li>
          <li>
            <div
              class="c17"
            >
              <div
                class="c18 c19"
              >
                <div
                  class="c20"
                >
                  <button
                    aria-controls=":r4:"
                    aria-expanded="true"
                    class="c21 c22"
                  >
                    <div
                      class="c23"
                    >
                      <span
                        class="c24"
                      >
                        Single Types
                      </span>
                    </div>
                    <svg
                      aria-hidden="true"
                      fill="#8e8ea9"
                      height="16"
                      style="transform: rotateX(0deg);"
                      viewBox="0 0 32 32"
                      width="1.2rem"
                      xmlns="http://www.w3.org/2000/svg"
                    >
                      <path
                        d="m26.708 12.708-10 10a1 1 0 0 1-1.415 0l-10-10A1 1 0 0 1 6 11h20a1 1 0 0 1 .707 1.707"
                      />
                    </svg>
                  </button>
                  <div
                    class="c25 c26 c27"
                  >
                    <span
                      class="c24"
                    >
                      1
                    </span>
                  </div>
                </div>
              </div>
              <ol
                id=":r4:"
              >
                <li>
                  <a
                    aria-disabled="false"
                    class="c28 c29"
                    href="/plugins/content-type-builder/content-types/application::homepage.homepage"
                    target="_self"
                  >
                    <div
                      class="c22"
                    >
                      <span
                        class="c30"
                      />
                      <span
                        class="c31 c32"
                      >
                        Homepage
                      </span>
                    </div>
                  </a>
                </li>
              </ol>
            </div>
            <div
              class="c33"
            >
              <button
                aria-disabled="false"
                class="c34 c35 c36"
                type="button"
              >
                <svg
                  fill="currentColor"
                  height="0.8rem"
                  viewBox="0 0 32 32"
                  width="0.8rem"
                  xmlns="http://www.w3.org/2000/svg"
                >
                  <path
                    d="M28.5 16a1.5 1.5 0 0 1-1.5 1.5h-9.5V27a1.5 1.5 0 1 1-3 0v-9.5H5a1.5 1.5 0 1 1 0-3h9.5V5a1.5 1.5 0 1 1 3 0v9.5H27a1.5 1.5 0 0 1 1.5 1.5"
                  />
                </svg>
                <span
                  class="c37"
                >
                  Create new single type
                </span>
              </button>
            </div>
          </li>
          <li>
            <div
              class="c17"
            >
              <div
                class="c18 c19"
              >
                <div
                  class="c20"
                >
                  <button
                    aria-controls=":r5:"
                    aria-expanded="true"
                    class="c21 c22"
                  >
                    <div
                      class="c23"
                    >
                      <span
                        class="c24"
                      >
                        Components
                      </span>
                    </div>
                    <svg
                      aria-hidden="true"
                      fill="#8e8ea9"
                      height="16"
                      style="transform: rotateX(0deg);"
                      viewBox="0 0 32 32"
                      width="1.2rem"
                      xmlns="http://www.w3.org/2000/svg"
                    >
                      <path
                        d="m26.708 12.708-10 10a1 1 0 0 1-1.415 0l-10-10A1 1 0 0 1 6 11h20a1 1 0 0 1 .707 1.707"
                      />
                    </svg>
                  </button>
                  <div
                    class="c25 c26 c27"
                  >
                    <span
                      class="c24"
                    >
                      2
                    </span>
                  </div>
                </div>
              </div>
              <ol
                id=":r5:"
              >
                <li>
                  <div
                    class=""
                  >
                    <div
                      class="c38"
                    >
                      <div
                        class="c39"
                      >
                        <button
                          aria-controls=":r6:"
                          aria-expanded="true"
                          class="c40"
                        >
                          <svg
                            aria-hidden="true"
                            fill="#4a4a6a"
                            height="1.2rem"
                            style="transform: rotateX(0deg);"
                            viewBox="0 0 32 32"
                            width="1.2rem"
                            xmlns="http://www.w3.org/2000/svg"
                          >
                            <path
                              d="m26.708 12.708-10 10a1 1 0 0 1-1.415 0l-10-10A1 1 0 0 1 6 11h20a1 1 0 0 1 .707 1.707"
                            />
                          </svg>
                          <div
                            class="c31"
                          >
                            <span
                              class="c41"
                            >
                              Basic
                            </span>
                          </div>
                        </button>
                      </div>
                    </div>
                    <ul
                      id=":r6:"
                    >
                      <li>
                        <a
                          aria-disabled="false"
                          class="c42 c29"
                          href="/plugins/content-type-builder/component-categories/basic/basic.simple"
                          target="_self"
                        >
                          <div
                            class="c22"
                          >
                            <span
                              class="c30"
                            />
                            <span
                              class="c31 c32"
                            >
                              Simple
                            </span>
                          </div>
                        </a>
                      </li>
                    </ul>
                  </div>
                </li>
                <li>
                  <div
                    class=""
                  >
                    <div
                      class="c38"
                    >
                      <div
                        class="c39"
                      >
                        <button
                          aria-controls=":r7:"
                          aria-expanded="true"
                          class="c40"
                        >
                          <svg
                            aria-hidden="true"
                            fill="#4a4a6a"
                            height="1.2rem"
                            style="transform: rotateX(0deg);"
                            viewBox="0 0 32 32"
                            width="1.2rem"
                            xmlns="http://www.w3.org/2000/svg"
                          >
                            <path
                              d="m26.708 12.708-10 10a1 1 0 0 1-1.415 0l-10-10A1 1 0 0 1 6 11h20a1 1 0 0 1 .707 1.707"
                            />
                          </svg>
                          <div
                            class="c31"
                          >
                            <span
                              class="c41"
                            >
                              Default
                            </span>
                          </div>
                        </button>
                      </div>
                    </div>
                    <ul
                      id=":r7:"
                    >
                      <li>
                        <a
                          aria-disabled="false"
                          class="c42 c29"
                          href="/plugins/content-type-builder/component-categories/default/default.closingperiod"
                          target="_self"
                        >
                          <div
                            class="c22"
                          >
                            <span
                              class="c30"
                            />
                            <span
                              class="c31 c32"
                            >
                              Closingperiod
                            </span>
                          </div>
                        </a>
                      </li>
                      <li>
                        <a
                          aria-disabled="false"
                          class="c42 c29"
                          href="/plugins/content-type-builder/component-categories/default/default.dish"
                          target="_self"
                        >
                          <div
                            class="c22"
                          >
                            <span
                              class="c30"
                            />
                            <span
                              class="c31 c32"
                            >
                              Dish
                            </span>
                          </div>
                        </a>
                      </li>
                    </ul>
                  </div>
                </li>
              </ol>
            </div>
            <div
              class="c33"
            >
              <button
                aria-disabled="false"
                class="c34 c35 c36"
                type="button"
              >
                <svg
                  fill="currentColor"
                  height="0.8rem"
                  viewBox="0 0 32 32"
                  width="0.8rem"
                  xmlns="http://www.w3.org/2000/svg"
                >
                  <path
                    d="M28.5 16a1.5 1.5 0 0 1-1.5 1.5h-9.5V27a1.5 1.5 0 1 1-3 0v-9.5H5a1.5 1.5 0 1 1 0-3h9.5V5a1.5 1.5 0 1 1 3 0v9.5H27a1.5 1.5 0 0 1 1.5 1.5"
                  />
                </svg>
                <span
                  class="c37"
                >
                  Create a new component
                </span>
              </button>
            </div>
          </li>
        </ol>
      </div>
    </nav>
    <div
      class="c43 c44"
    >
      <div />
    </div>
  </div>
  <span
    class="c10"
  >
    <p
      aria-live="polite"
      aria-relevant="all"
      id="live-region-log"
      role="log"
    />
    <p
      aria-live="polite"
      aria-relevant="all"
      id="live-region-status"
      role="status"
    />
    <p
      aria-live="assertive"
      aria-relevant="all"
      id="live-region-alert"
      role="alert"
    />
  </span>
</div>
`;
