// Jest Snapshot v1, https://goo.gl/fbAQLP

exports[`ApplicationInfosPage | ImageCardAsset should render and match snapshot 1`] = `
.c16 {
  border: 0;
  -webkit-clip: rect(0 0 0 0);
  clip: rect(0 0 0 0);
  height: 1px;
  margin: -1px;
  overflow: hidden;
  padding: 0;
  position: absolute;
  width: 1px;
}

.c0 {
  background: #ffffff;
  border-radius: 4px;
  border-style: solid;
  border-width: 1px;
  border-color: #eaeaef;
  box-shadow: 0px 1px 4px rgba(33,33,52,0.1);
}

.c5 {
  padding-top: 8px;
  padding-right: 12px;
  padding-bottom: 8px;
  padding-left: 12px;
}

.c11 {
  background: #eaeaef;
  padding-right: 8px;
  padding-left: 8px;
  min-width: 20px;
}

.c1 {
  -webkit-align-items: center;
  -webkit-box-align: center;
  -ms-flex-align: center;
  align-items: center;
  display: -webkit-box;
  display: -webkit-flex;
  display: -ms-flexbox;
  display: flex;
  -webkit-flex-direction: row;
  -ms-flex-direction: row;
  flex-direction: row;
  -webkit-box-pack: center;
  -webkit-justify-content: center;
  -ms-flex-pack: center;
  justify-content: center;
}

.c6 {
  -webkit-align-items: flex-start;
  -webkit-box-align: flex-start;
  -ms-flex-align: flex-start;
  align-items: flex-start;
  display: -webkit-box;
  display: -webkit-flex;
  display: -ms-flexbox;
  display: flex;
  -webkit-flex-direction: row;
  -ms-flex-direction: row;
  flex-direction: row;
}

.c12 {
  -webkit-align-items: center;
  -webkit-box-align: center;
  -ms-flex-align: center;
  align-items: center;
  display: -webkit-inline-box;
  display: -webkit-inline-flex;
  display: -ms-inline-flexbox;
  display: inline-flex;
  -webkit-flex-direction: row;
  -ms-flex-direction: row;
  flex-direction: row;
  -webkit-box-pack: center;
  -webkit-justify-content: center;
  -ms-flex-pack: center;
  justify-content: center;
}

.c4 {
  margin: 0;
  padding: 0;
  max-height: 100%;
  max-width: 100%;
  object-fit: contain;
}

.c3 {
  display: -webkit-box;
  display: -webkit-flex;
  display: -ms-flexbox;
  display: flex;
  -webkit-box-pack: center;
  -webkit-justify-content: center;
  -ms-flex-pack: center;
  justify-content: center;
  height: 5.5rem;
  width: 100%;
  background: repeating-conic-gradient(#f6f6f9 0% 25%,transparent 0% 50%) 50% / 20px 20px;
  border-top-left-radius: 4px;
  border-top-right-radius: 4px;
}

.c8 {
  font-size: 0.75rem;
  line-height: 1.33;
  font-weight: 600;
  color: #32324d;
}

.c9 {
  font-size: 0.75rem;
  line-height: 1.33;
  color: #666687;
}

.c15 {
  font-weight: 600;
  font-size: 0.6875rem;
  line-height: 1.45;
  text-transform: uppercase;
  color: #666687;
}

.c13 {
  border-radius: 4px;
  height: 1.5rem;
}

.c10 {
  margin-left: auto;
  -webkit-flex-shrink: 0;
  -ms-flex-negative: 0;
  flex-shrink: 0;
}

.c14 {
  margin-left: 4px;
}

.c7 {
  word-break: break-all;
}

.c2 {
  position: relative;
  border-bottom: 1px solid #eaeaef;
}

<div>
  <article
    aria-labelledby="card-1-title"
    class="c0"
    tabindex="0"
  >
    <div
      class="c1 c2"
    >
      <div
        class="c3"
      >
        <img
          aria-hidden="true"
          class="c4"
          src="uploads/asset.jpeg"
        />
      </div>
    </div>
    <div
      class="c5"
    >
      <div
        class="c6"
      >
        <div
          class="c7"
        >
          <div
            class="c8"
            id="card-1-title"
          >
            asset.jpeg
          </div>
          <div
            class="c9"
          >
            .JPEG - 340âœ•250
          </div>
        </div>
        <div
          class="c10"
        >
          <div
            class="c11 c12 c13 c14"
          >
            <span
              class="c15"
            >
              image
            </span>
          </div>
        </div>
      </div>
    </div>
  </article>
  <div
    class="c16"
  >
    <p
      aria-live="polite"
      aria-relevant="all"
      id="live-region-log"
      role="log"
    />
    <p
      aria-live="polite"
      aria-relevant="all"
      id="live-region-status"
      role="status"
    />
    <p
      aria-live="assertive"
      aria-relevant="all"
      id="live-region-alert"
      role="alert"
    />
  </div>
</div>
`;
