// Jest Snapshot v1, https://goo.gl/fbAQLP

exports[`ApplicationInfosPage | PendingLogoDialog should render and match snapshot 1`] = `
.c6 {
  font-size: 0.75rem;
  line-height: 1.33;
  font-weight: 600;
  color: #32324d;
}

.c7 {
  font-size: 0.75rem;
  line-height: 1.33;
  color: #8e8ea9;
}

.c20 {
  font-size: 0.75rem;
  line-height: 1.33;
  color: #666687;
}

.c26 {
  font-weight: 600;
  font-size: 0.6875rem;
  line-height: 1.45;
  text-transform: uppercase;
  color: #666687;
}

.c1 {
  padding-top: 24px;
  padding-right: 40px;
  padding-bottom: 24px;
  padding-left: 40px;
}

.c2 {
  padding-bottom: 24px;
}

.c10 {
  max-width: 11.25rem;
}

.c11 {
  background: #ffffff;
  border-radius: 4px;
  border-style: solid;
  border-width: 1px;
  border-color: #eaeaef;
  box-shadow: 0px 1px 4px rgba(33,33,52,0.1);
}

.c12 {
  position: relative;
}

.c17 {
  padding-top: 8px;
  padding-right: 12px;
  padding-bottom: 8px;
  padding-left: 12px;
}

.c22 {
  background: #eaeaef;
  padding-right: 8px;
  padding-left: 8px;
  min-width: 20px;
}

.c27 {
  background: #f6f6f9;
  padding-top: 16px;
  padding-right: 20px;
  padding-bottom: 16px;
  padding-left: 20px;
}

.c3 {
  -webkit-align-items: center;
  -webkit-box-align: center;
  -ms-flex-align: center;
  align-items: center;
  display: -webkit-box;
  display: -webkit-flex;
  display: -ms-flexbox;
  display: flex;
  -webkit-flex-direction: row;
  -ms-flex-direction: row;
  flex-direction: row;
  -webkit-box-pack: justify;
  -webkit-justify-content: space-between;
  -ms-flex-pack: justify;
  justify-content: space-between;
}

.c4 {
  -webkit-align-items: flex-start;
  -webkit-box-align: flex-start;
  -ms-flex-align: flex-start;
  align-items: flex-start;
  display: -webkit-box;
  display: -webkit-flex;
  display: -ms-flexbox;
  display: flex;
  -webkit-flex-direction: column;
  -ms-flex-direction: column;
  flex-direction: column;
}

.c13 {
  -webkit-align-items: center;
  -webkit-box-align: center;
  -ms-flex-align: center;
  align-items: center;
  display: -webkit-box;
  display: -webkit-flex;
  display: -ms-flexbox;
  display: flex;
  -webkit-flex-direction: row;
  -ms-flex-direction: row;
  flex-direction: row;
  -webkit-box-pack: center;
  -webkit-justify-content: center;
  -ms-flex-pack: center;
  justify-content: center;
}

.c18 {
  -webkit-align-items: flex-start;
  -webkit-box-align: flex-start;
  -ms-flex-align: flex-start;
  align-items: flex-start;
  display: -webkit-box;
  display: -webkit-flex;
  display: -ms-flexbox;
  display: flex;
  -webkit-flex-direction: row;
  -ms-flex-direction: row;
  flex-direction: row;
}

.c23 {
  -webkit-align-items: center;
  -webkit-box-align: center;
  -ms-flex-align: center;
  align-items: center;
  display: -webkit-inline-box;
  display: -webkit-inline-flex;
  display: -ms-inline-flexbox;
  display: inline-flex;
  -webkit-flex-direction: row;
  -ms-flex-direction: row;
  flex-direction: row;
  -webkit-box-pack: center;
  -webkit-justify-content: center;
  -ms-flex-pack: center;
  justify-content: center;
}

.c29 {
  -webkit-align-items: center;
  -webkit-box-align: center;
  -ms-flex-align: center;
  align-items: center;
  display: -webkit-box;
  display: -webkit-flex;
  display: -ms-flexbox;
  display: flex;
  -webkit-flex-direction: row;
  -ms-flex-direction: row;
  flex-direction: row;
}

.c24 {
  border-radius: 4px;
  height: 1.5rem;
}

.c8 {
  display: -webkit-box;
  display: -webkit-flex;
  display: -ms-flexbox;
  display: flex;
  cursor: pointer;
  padding: 8px;
  border-radius: 4px;
  background: #ffffff;
  border: 1px solid #dcdce4;
  position: relative;
  outline: none;
}

.c8 svg {
  height: 12px;
  width: 12px;
}

.c8 svg > g,
.c8 svg path {
  fill: #ffffff;
}

.c8[aria-disabled='true'] {
  pointer-events: none;
}

.c8:after {
  -webkit-transition-property: all;
  transition-property: all;
  -webkit-transition-duration: 0.2s;
  transition-duration: 0.2s;
  border-radius: 8px;
  content: '';
  position: absolute;
  top: -4px;
  bottom: -4px;
  left: -4px;
  right: -4px;
  border: 2px solid transparent;
}

.c8:focus-visible {
  outline: none;
}

.c8:focus-visible:after {
  border-radius: 8px;
  content: '';
  position: absolute;
  top: -5px;
  bottom: -5px;
  left: -5px;
  right: -5px;
  border: 2px solid #4945ff;
}

.c33 {
  border: 0;
  -webkit-clip: rect(0 0 0 0);
  clip: rect(0 0 0 0);
  height: 1px;
  margin: -1px;
  overflow: hidden;
  padding: 0;
  position: absolute;
  width: 1px;
}

.c9 {
  -webkit-align-items: center;
  -webkit-box-align: center;
  -ms-flex-align: center;
  align-items: center;
  background-color: #4945ff;
  border: 1px solid #4945ff;
  height: 2rem;
  padding-left: 16px;
  padding-right: 16px;
  border: 1px solid #d9d8ff;
  background: #f0f0ff;
}

.c9 .c0 {
  display: -webkit-box;
  display: -webkit-flex;
  display: -ms-flexbox;
  display: flex;
  -webkit-align-items: center;
  -webkit-box-align: center;
  -ms-flex-align: center;
  align-items: center;
}

.c9 .c5 {
  color: #ffffff;
}

.c9[aria-disabled='true'] {
  border: 1px solid #dcdce4;
  background: #eaeaef;
}

.c9[aria-disabled='true'] .c5 {
  color: #666687;
}

.c9[aria-disabled='true'] svg > g,.c9[aria-disabled='true'] svg path {
  fill: #666687;
}

.c9[aria-disabled='true']:active {
  border: 1px solid #dcdce4;
  background: #eaeaef;
}

.c9[aria-disabled='true']:active .c5 {
  color: #666687;
}

.c9[aria-disabled='true']:active svg > g,.c9[aria-disabled='true']:active svg path {
  fill: #666687;
}

.c9:hover {
  background-color: #ffffff;
}

.c9:active {
  background-color: #ffffff;
  border: 1px solid #4945ff;
}

.c9:active .c5 {
  color: #4945ff;
}

.c9:active svg > g,
.c9:active svg path {
  fill: #4945ff;
}

.c9 .c5 {
  color: #271fe0;
}

.c9 svg > g,
.c9 svg path {
  fill: #271fe0;
}

.c31 {
  -webkit-align-items: center;
  -webkit-box-align: center;
  -ms-flex-align: center;
  align-items: center;
  background-color: #4945ff;
  border: 1px solid #4945ff;
  height: 2rem;
  padding-left: 16px;
  padding-right: 16px;
  border: 1px solid #dcdce4;
  background: #ffffff;
}

.c31 .c0 {
  display: -webkit-box;
  display: -webkit-flex;
  display: -ms-flexbox;
  display: flex;
  -webkit-align-items: center;
  -webkit-box-align: center;
  -ms-flex-align: center;
  align-items: center;
}

.c31 .c5 {
  color: #ffffff;
}

.c31[aria-disabled='true'] {
  border: 1px solid #dcdce4;
  background: #eaeaef;
}

.c31[aria-disabled='true'] .c5 {
  color: #666687;
}

.c31[aria-disabled='true'] svg > g,.c31[aria-disabled='true'] svg path {
  fill: #666687;
}

.c31[aria-disabled='true']:active {
  border: 1px solid #dcdce4;
  background: #eaeaef;
}

.c31[aria-disabled='true']:active .c5 {
  color: #666687;
}

.c31[aria-disabled='true']:active svg > g,.c31[aria-disabled='true']:active svg path {
  fill: #666687;
}

.c31:hover {
  background-color: #f6f6f9;
}

.c31:active {
  background-color: #eaeaef;
}

.c31 .c5 {
  color: #32324d;
}

.c31 svg > g,
.c31 svg path {
  fill: #32324d;
}

.c32 {
  -webkit-align-items: center;
  -webkit-box-align: center;
  -ms-flex-align: center;
  align-items: center;
  background-color: #4945ff;
  border: 1px solid #4945ff;
  height: 2rem;
  padding-left: 16px;
  padding-right: 16px;
}

.c32 .c0 {
  display: -webkit-box;
  display: -webkit-flex;
  display: -ms-flexbox;
  display: flex;
  -webkit-align-items: center;
  -webkit-box-align: center;
  -ms-flex-align: center;
  align-items: center;
}

.c32 .c5 {
  color: #ffffff;
}

.c32[aria-disabled='true'] {
  border: 1px solid #dcdce4;
  background: #eaeaef;
}

.c32[aria-disabled='true'] .c5 {
  color: #666687;
}

.c32[aria-disabled='true'] svg > g,.c32[aria-disabled='true'] svg path {
  fill: #666687;
}

.c32[aria-disabled='true']:active {
  border: 1px solid #dcdce4;
  background: #eaeaef;
}

.c32[aria-disabled='true']:active .c5 {
  color: #666687;
}

.c32[aria-disabled='true']:active svg > g,.c32[aria-disabled='true']:active svg path {
  fill: #666687;
}

.c32:hover {
  border: 1px solid #7b79ff;
  background: #7b79ff;
}

.c32:active {
  border: 1px solid #4945ff;
  background: #4945ff;
}

.c32 svg > g,
.c32 svg path {
  fill: #ffffff;
}

.c16 {
  margin: 0;
  padding: 0;
  max-height: 100%;
  max-width: 100%;
  object-fit: contain;
}

.c15 {
  display: -webkit-box;
  display: -webkit-flex;
  display: -ms-flexbox;
  display: flex;
  -webkit-box-pack: center;
  -webkit-justify-content: center;
  -ms-flex-pack: center;
  justify-content: center;
  height: 5.5rem;
  width: 100%;
  background: repeating-conic-gradient(#f6f6f9 0% 25%,transparent 0% 50%) 50% / 20px 20px;
  border-top-left-radius: 4px;
  border-top-right-radius: 4px;
}

.c21 {
  margin-left: auto;
  -webkit-flex-shrink: 0;
  -ms-flex-negative: 0;
  flex-shrink: 0;
}

.c25 {
  margin-left: 4px;
}

.c19 {
  word-break: break-all;
}

.c14 {
  border-bottom: 1px solid #eaeaef;
}

.c28 {
  border-radius: 0 0 4px 4px;
  border-top: 1px solid #eaeaef;
}

.c30 > * + * {
  margin-left: 8px;
}

<div>
  <div
    class="c0 c1"
  >
    <div
      class="c0 c2 c3"
    >
      <div
        class="c0 c4"
      >
        <span
          class="c5 c6"
        >
          Logo ready to upload
        </span>
        <span
          class="c5 c7"
        >
          Manage the chosen logo before uploading it
        </span>
      </div>
      <button
        aria-disabled="false"
        class="c8 c9"
        type="button"
      >
        <span
          class="c5 c6"
        >
          Choose another logo
        </span>
      </button>
    </div>
    <div
      class="c0 c10"
    >
      <article
        aria-labelledby="0-title"
        class="c0 c11"
        tabindex="0"
      >
        <div
          class="c0 c12 c13 c14"
        >
          <div
            class="c15"
          >
            <img
              aria-hidden="true"
              class="c16"
              src="uploads/asset.jpeg"
            />
          </div>
        </div>
        <div
          class="c0 c17"
        >
          <div
            class="c0 c18"
          >
            <div
              class="c0 c19"
            >
              <div
                class="c5 c6"
                id="0-title"
              >
                asset.jpeg
              </div>
              <div
                class="c5 c20"
              >
                .JPEG - 340✕250
              </div>
            </div>
            <div
              class="c21"
            >
              <div
                class="c0 c22 c23 c24 c25"
              >
                <span
                  class="c5 c26"
                >
                  image
                </span>
              </div>
            </div>
          </div>
        </div>
      </article>
    </div>
  </div>
  <div
    class="c0 c27 c28"
  >
    <div
      class="c0 c3"
    >
      <div
        class="c0 c29 c30"
      >
        <button
          aria-disabled="false"
          class="c8 c31"
          type="button"
        >
          <span
            class="c5 c6"
          >
            Cancel
          </span>
        </button>
      </div>
      <div
        class="c0 c29 c30"
      >
        <button
          aria-disabled="false"
          class="c8 c32"
          type="button"
        >
          <span
            class="c5 c6"
          >
            Upload logo
          </span>
        </button>
      </div>
    </div>
  </div>
  <div
    class="c33"
  >
    <p
      aria-live="polite"
      aria-relevant="all"
      id="live-region-log"
      role="log"
    />
    <p
      aria-live="polite"
      aria-relevant="all"
      id="live-region-status"
      role="status"
    />
    <p
      aria-live="assertive"
      aria-relevant="all"
      id="live-region-alert"
      role="alert"
    />
  </div>
</div>
`;
