// Jest Snapshot v1, https://goo.gl/fbAQLP

exports[`LocaleSelect shows an aria-busy element when loading the data 1`] = `
.c2 {
  font-size: 0.75rem;
  line-height: 1.33;
  font-weight: 600;
  color: #32324d;
}

.c0 {
  -webkit-align-items: stretch;
  -webkit-box-align: stretch;
  -ms-flex-align: stretch;
  align-items: stretch;
  display: -webkit-box;
  display: -webkit-flex;
  display: -ms-flexbox;
  display: flex;
  -webkit-flex-direction: column;
  -ms-flex-direction: column;
  flex-direction: column;
  gap: 4px;
}

.c6 {
  -webkit-align-items: center;
  -webkit-box-align: center;
  -ms-flex-align: center;
  align-items: center;
  display: -webkit-box;
  display: -webkit-flex;
  display: -ms-flexbox;
  display: flex;
  -webkit-flex-direction: row;
  -ms-flex-direction: row;
  flex-direction: row;
  gap: 12px;
}

.c3 {
  display: -webkit-box;
  display: -webkit-flex;
  display: -ms-flexbox;
  display: flex;
  -webkit-align-items: center;
  -webkit-box-align: center;
  -ms-flex-align: center;
  align-items: center;
}

.c4 {
  position: relative;
  border: 1px solid #dcdce4;
  padding-right: 12px;
  padding-left: 12px;
  border-radius: 4px;
  background: #ffffff;
  overflow: hidden;
  display: -webkit-box;
  display: -webkit-flex;
  display: -ms-flexbox;
  display: flex;
  -webkit-align-items: center;
  -webkit-box-align: center;
  -ms-flex-align: center;
  align-items: center;
  -webkit-box-pack: justify;
  -webkit-justify-content: space-between;
  -ms-flex-pack: justify;
  justify-content: space-between;
  gap: 16px;
  outline: none;
  box-shadow: 0;
  -webkit-transition-property: border-color,box-shadow,fill;
  transition-property: border-color,box-shadow,fill;
  -webkit-transition-duration: 0.2s;
  transition-duration: 0.2s;
}

.c4[data-disabled] {
  color: #666687;
  background: #eaeaef;
  cursor: not-allowed;
}

.c4:focus-visible {
  outline: none;
}

.c4:focus-within {
  border: 1px solid #4945ff;
  box-shadow: #4945ff 0px 0px 0px 2px;
}

.c5 {
  width: 100%;
  font-size: 0.875rem;
  color: #32324d;
  min-height: 2.5rem;
  border: none;
  background-color: transparent;
}

.c5:focus-visible {
  outline: none;
}

.c5[aria-disabled='true'] {
  cursor: inherit;
}

.c7 > svg {
  width: 0.375rem;
}

.c7 > svg > path {
  fill: #666687;
}

.c7[aria-disabled='true'] {
  cursor: inherit;
}

.c8[data-selected] .c1 {
  color: #4945ff;
  font-weight: bold;
}

.c8[data-highlighted] .c1 {
  color: #4945ff;
  font-weight: bold;
}

.c9[data-selected] .c1 {
  color: #4945ff;
  font-weight: bold;
}

.c9[data-highlighted] .c1 {
  color: #4945ff;
  font-weight: bold;
}

<div
  class=""
>
  <div
    class="c0"
  >
    <label
      class="c1 c2 c3"
      for="1"
    >
      Locales
    </label>
    <div
      class="c4"
    >
      <input
        aria-autocomplete="both"
        aria-controls="radix-0"
        aria-disabled="false"
        aria-expanded="false"
        aria-invalid="false"
        aria-labelledby="1-hint 1-error"
        aria-required="false"
        class="c5"
        data-placeholder=""
        data-state="closed"
        id="1"
        placeholder="Select"
        role="combobox"
        type="text"
        value=""
      />
      <span
        class="c6"
      >
        <button
          aria-controls="radix-0"
          aria-disabled="false"
          aria-expanded="false"
          aria-hidden="true"
          class="c7"
          tabindex="-1"
          type="button"
        >
          <svg
            fill="none"
            height="1rem"
            viewBox="0 0 14 8"
            width="1rem"
            xmlns="http://www.w3.org/2000/svg"
          >
            <path
              clip-rule="evenodd"
              d="M14 .889a.86.86 0 0 1-.26.625L7.615 7.736A.834.834 0 0 1 7 8a.834.834 0 0 1-.615-.264L.26 1.514A.861.861 0 0 1 0 .889c0-.24.087-.45.26-.625A.834.834 0 0 1 .875 0h12.25c.237 0 .442.088.615.264a.86.86 0 0 1 .26.625Z"
              fill="#32324D"
              fill-rule="evenodd"
            />
          </svg>
        </button>
      </span>
    </div>
  </div>
</div>
`;
