// Jest Snapshot v1, https://goo.gl/fbAQLP

exports[`BulkActions renders 1`] = `
.c12 {
  border: 0;
  -webkit-clip: rect(0 0 0 0);
  clip: rect(0 0 0 0);
  height: 1px;
  margin: -1px;
  overflow: hidden;
  padding: 0;
  position: absolute;
  width: 1px;
}

.c0 {
  padding-bottom: 20px;
}

.c1 {
  -webkit-align-items: center;
  -webkit-box-align: center;
  -ms-flex-align: center;
  align-items: center;
  display: -webkit-box;
  display: -webkit-flex;
  display: -ms-flexbox;
  display: flex;
  -webkit-flex-direction: row;
  -ms-flex-direction: row;
  flex-direction: row;
}

.c2 > * {
  margin-left: 0;
  margin-right: 0;
}

.c2 > * + * {
  margin-left: 8px;
}

.c3 {
  color: #666687;
  font-size: 1rem;
  line-height: 1.5;
}

.c10 {
  font-weight: 600;
  color: #32324d;
  font-size: 0.75rem;
  line-height: 1.33;
}

.c7 {
  padding-right: 8px;
}

.c4 {
  display: -webkit-box;
  display: -webkit-flex;
  display: -ms-flexbox;
  display: flex;
  cursor: pointer;
  padding: 8px;
  border-radius: 4px;
  background: #ffffff;
  border: 1px solid #dcdce4;
  position: relative;
  outline: none;
}

.c4 svg {
  height: 12px;
  width: 12px;
}

.c4 svg > g,
.c4 svg path {
  fill: #ffffff;
}

.c4[aria-disabled='true'] {
  pointer-events: none;
}

.c4:after {
  -webkit-transition-property: all;
  transition-property: all;
  -webkit-transition-duration: 0.2s;
  transition-duration: 0.2s;
  border-radius: 8px;
  content: '';
  position: absolute;
  top: -4px;
  bottom: -4px;
  left: -4px;
  right: -4px;
  border: 2px solid transparent;
}

.c4:focus-visible {
  outline: none;
}

.c4:focus-visible:after {
  border-radius: 8px;
  content: '';
  position: absolute;
  top: -5px;
  bottom: -5px;
  left: -5px;
  right: -5px;
  border: 2px solid #4945ff;
}

.c8 {
  height: 100%;
}

.c5 {
  -webkit-align-items: center;
  -webkit-box-align: center;
  -ms-flex-align: center;
  align-items: center;
  padding: 8px 16px;
  background: #4945ff;
  border: 1px solid #4945ff;
  border: 1px solid #f5c0b8;
  background: #fcecea;
}

.c5 .c6 {
  display: -webkit-box;
  display: -webkit-flex;
  display: -ms-flexbox;
  display: flex;
  -webkit-align-items: center;
  -webkit-box-align: center;
  -ms-flex-align: center;
  align-items: center;
}

.c5 .c9 {
  color: #ffffff;
}

.c5[aria-disabled='true'] {
  border: 1px solid #dcdce4;
  background: #eaeaef;
}

.c5[aria-disabled='true'] .c9 {
  color: #666687;
}

.c5[aria-disabled='true'] svg > g,
.c5[aria-disabled='true'] svg path {
  fill: #666687;
}

.c5[aria-disabled='true']:active {
  border: 1px solid #dcdce4;
  background: #eaeaef;
}

.c5[aria-disabled='true']:active .c9 {
  color: #666687;
}

.c5[aria-disabled='true']:active svg > g,
.c5[aria-disabled='true']:active svg path {
  fill: #666687;
}

.c5:hover {
  background-color: #ffffff;
}

.c5:active {
  background-color: #ffffff;
  border: 1px solid #d02b20;
}

.c5:active .c9 {
  color: #d02b20;
}

.c5:active svg > g,
.c5:active svg path {
  fill: #d02b20;
}

.c5 .c9 {
  color: #b72b1a;
}

.c5 svg > g,
.c5 svg path {
  fill: #b72b1a;
}

.c11 {
  -webkit-align-items: center;
  -webkit-box-align: center;
  -ms-flex-align: center;
  align-items: center;
  padding: 8px 16px;
  background: #4945ff;
  border: 1px solid #4945ff;
  border: 1px solid #d9d8ff;
  background: #f0f0ff;
}

.c11 .c6 {
  display: -webkit-box;
  display: -webkit-flex;
  display: -ms-flexbox;
  display: flex;
  -webkit-align-items: center;
  -webkit-box-align: center;
  -ms-flex-align: center;
  align-items: center;
}

.c11 .c9 {
  color: #ffffff;
}

.c11[aria-disabled='true'] {
  border: 1px solid #dcdce4;
  background: #eaeaef;
}

.c11[aria-disabled='true'] .c9 {
  color: #666687;
}

.c11[aria-disabled='true'] svg > g,
.c11[aria-disabled='true'] svg path {
  fill: #666687;
}

.c11[aria-disabled='true']:active {
  border: 1px solid #dcdce4;
  background: #eaeaef;
}

.c11[aria-disabled='true']:active .c9 {
  color: #666687;
}

.c11[aria-disabled='true']:active svg > g,
.c11[aria-disabled='true']:active svg path {
  fill: #666687;
}

.c11:hover {
  background-color: #ffffff;
}

.c11:active {
  background-color: #ffffff;
  border: 1px solid #4945ff;
}

.c11:active .c9 {
  color: #4945ff;
}

.c11:active svg > g,
.c11:active svg path {
  fill: #4945ff;
}

.c11 .c9 {
  color: #271fe0;
}

.c11 svg > g,
.c11 svg path {
  fill: #271fe0;
}

<div>
  <div
    class="c0 c1 c2"
    spacing="2"
  >
    <span
      class="c3"
    >
      0 folders - 0 assets selected
    </span>
    <button
      aria-disabled="false"
      class="c4 c5"
      type="button"
    >
      <div
        aria-hidden="true"
        class="c6 c7 c8"
      >
        <svg
          fill="none"
          height="1em"
          viewBox="0 0 24 24"
          width="1em"
          xmlns="http://www.w3.org/2000/svg"
        >
          <path
            d="M3.236 6.149a.2.2 0 00-.197.233L6 24h12l2.96-17.618a.2.2 0 00-.196-.233H3.236zM21.8 1.983c.11 0 .2.09.2.2v1.584a.2.2 0 01-.2.2H2.2a.2.2 0 01-.2-.2V2.183c0-.11.09-.2.2-.2h5.511c.9 0 1.631-1.09 1.631-1.983h5.316c0 .894.73 1.983 1.631 1.983H21.8z"
            fill="#32324D"
          />
        </svg>
      </div>
      <span
        class="c9 c10"
      >
        Delete
      </span>
    </button>
    <button
      aria-disabled="false"
      class="c4 c11"
      type="button"
    >
      <div
        aria-hidden="true"
        class="c6 c7 c8"
      >
        <svg
          fill="none"
          height="1em"
          viewBox="0 0 24 24"
          width="1em"
          xmlns="http://www.w3.org/2000/svg"
        >
          <path
            d="M12.414 5H21a1 1 0 011 1v14a1 1 0 01-1 1H3a1 1 0 01-1-1V4a1 1 0 011-1h7.414l2 2z"
            fill="#212134"
          />
        </svg>
      </div>
      <span
        class="c9 c10"
      >
        Move
      </span>
    </button>
  </div>
  <div
    class="c12"
  >
    <p
      aria-live="polite"
      aria-relevant="all"
      id="live-region-log"
      role="log"
    />
    <p
      aria-live="polite"
      aria-relevant="all"
      id="live-region-status"
      role="status"
    />
    <p
      aria-live="assertive"
      aria-relevant="all"
      id="live-region-alert"
      role="alert"
    />
  </div>
</div>
`;
