// Jest Snapshot v1, https://goo.gl/fbAQLP

exports[`Header renders 1`] = `
.c19 {
  border: 0;
  -webkit-clip: rect(0 0 0 0);
  clip: rect(0 0 0 0);
  height: 1px;
  margin: -1px;
  overflow: hidden;
  padding: 0;
  position: absolute;
  width: 1px;
}

.c17 {
  font-weight: 600;
  color: #32324d;
  font-size: 0.75rem;
  line-height: 1.33;
}

.c14 {
  padding-right: 8px;
}

.c11 {
  display: -webkit-box;
  display: -webkit-flex;
  display: -ms-flexbox;
  display: flex;
  cursor: pointer;
  padding: 8px;
  border-radius: 4px;
  background: #ffffff;
  border: 1px solid #dcdce4;
  position: relative;
  outline: none;
}

.c11 svg {
  height: 12px;
  width: 12px;
}

.c11 svg > g,
.c11 svg path {
  fill: #ffffff;
}

.c11[aria-disabled='true'] {
  pointer-events: none;
}

.c11:after {
  -webkit-transition-property: all;
  transition-property: all;
  -webkit-transition-duration: 0.2s;
  transition-duration: 0.2s;
  border-radius: 8px;
  content: '';
  position: absolute;
  top: -4px;
  bottom: -4px;
  left: -4px;
  right: -4px;
  border: 2px solid transparent;
}

.c11:focus-visible {
  outline: none;
}

.c11:focus-visible:after {
  border-radius: 8px;
  content: '';
  position: absolute;
  top: -5px;
  bottom: -5px;
  left: -5px;
  right: -5px;
  border: 2px solid #4945ff;
}

.c15 {
  height: 100%;
}

.c12 {
  -webkit-align-items: center;
  -webkit-box-align: center;
  -ms-flex-align: center;
  align-items: center;
  padding: 8px 16px;
  background: #4945ff;
  border: 1px solid #4945ff;
  border: 1px solid #d9d8ff;
  background: #f0f0ff;
}

.c12 .c13 {
  display: -webkit-box;
  display: -webkit-flex;
  display: -ms-flexbox;
  display: flex;
  -webkit-align-items: center;
  -webkit-box-align: center;
  -ms-flex-align: center;
  align-items: center;
}

.c12 .c16 {
  color: #ffffff;
}

.c12[aria-disabled='true'] {
  border: 1px solid #dcdce4;
  background: #eaeaef;
}

.c12[aria-disabled='true'] .c16 {
  color: #666687;
}

.c12[aria-disabled='true'] svg > g,
.c12[aria-disabled='true'] svg path {
  fill: #666687;
}

.c12[aria-disabled='true']:active {
  border: 1px solid #dcdce4;
  background: #eaeaef;
}

.c12[aria-disabled='true']:active .c16 {
  color: #666687;
}

.c12[aria-disabled='true']:active svg > g,
.c12[aria-disabled='true']:active svg path {
  fill: #666687;
}

.c12:hover {
  background-color: #ffffff;
}

.c12:active {
  background-color: #ffffff;
  border: 1px solid #4945ff;
}

.c12:active .c16 {
  color: #4945ff;
}

.c12:active svg > g,
.c12:active svg path {
  fill: #4945ff;
}

.c12 .c16 {
  color: #271fe0;
}

.c12 svg > g,
.c12 svg path {
  fill: #271fe0;
}

.c18 {
  -webkit-align-items: center;
  -webkit-box-align: center;
  -ms-flex-align: center;
  align-items: center;
  padding: 8px 16px;
  background: #4945ff;
  border: 1px solid #4945ff;
}

.c18 .c13 {
  display: -webkit-box;
  display: -webkit-flex;
  display: -ms-flexbox;
  display: flex;
  -webkit-align-items: center;
  -webkit-box-align: center;
  -ms-flex-align: center;
  align-items: center;
}

.c18 .c16 {
  color: #ffffff;
}

.c18[aria-disabled='true'] {
  border: 1px solid #dcdce4;
  background: #eaeaef;
}

.c18[aria-disabled='true'] .c16 {
  color: #666687;
}

.c18[aria-disabled='true'] svg > g,
.c18[aria-disabled='true'] svg path {
  fill: #666687;
}

.c18[aria-disabled='true']:active {
  border: 1px solid #dcdce4;
  background: #eaeaef;
}

.c18[aria-disabled='true']:active .c16 {
  color: #666687;
}

.c18[aria-disabled='true']:active svg > g,
.c18[aria-disabled='true']:active svg path {
  fill: #666687;
}

.c18:hover {
  border: 1px solid #7b79ff;
  background: #7b79ff;
}

.c18:active {
  border: 1px solid #4945ff;
  background: #4945ff;
}

.c18 svg > g,
.c18 svg path {
  fill: #ffffff;
}

.c9 {
  -webkit-align-items: center;
  -webkit-box-align: center;
  -ms-flex-align: center;
  align-items: center;
  display: -webkit-box;
  display: -webkit-flex;
  display: -ms-flexbox;
  display: flex;
  -webkit-flex-direction: row;
  -ms-flex-direction: row;
  flex-direction: row;
}

.c10 > * {
  margin-left: 0;
  margin-right: 0;
}

.c10 > * + * {
  margin-left: 8px;
}

.c0 {
  background: #f6f6f9;
  padding-top: 24px;
  padding-right: 56px;
  padding-bottom: 40px;
  padding-left: 56px;
}

.c1 {
  padding-bottom: 8px;
}

.c6 {
  -webkit-align-items: center;
  -webkit-box-align: center;
  -ms-flex-align: center;
  align-items: center;
  display: -webkit-box;
  display: -webkit-flex;
  display: -ms-flexbox;
  display: flex;
  -webkit-flex-direction: row;
  -ms-flex-direction: row;
  flex-direction: row;
  -webkit-box-pack: justify;
  -webkit-justify-content: space-between;
  -ms-flex-pack: justify;
  justify-content: space-between;
}

.c7 {
  -webkit-align-items: center;
  -webkit-box-align: center;
  -ms-flex-align: center;
  align-items: center;
  display: -webkit-box;
  display: -webkit-flex;
  display: -ms-flexbox;
  display: flex;
  -webkit-flex-direction: row;
  -ms-flex-direction: row;
  flex-direction: row;
}

.c8 {
  color: #32324d;
  font-weight: 600;
  font-size: 2rem;
  line-height: 1.25;
}

.c5 {
  color: #4945ff;
  font-size: 0.875rem;
  line-height: 1.43;
}

.c3 {
  padding-right: 8px;
}

.c2 {
  display: -webkit-inline-box;
  display: -webkit-inline-flex;
  display: -ms-inline-flexbox;
  display: inline-flex;
  -webkit-align-items: center;
  -webkit-box-align: center;
  -ms-flex-align: center;
  align-items: center;
  -webkit-text-decoration: none;
  text-decoration: none;
  position: relative;
  outline: none;
}

.c2 svg path {
  fill: #4945ff;
}

.c2 svg {
  font-size: 0.625rem;
}

.c2:after {
  -webkit-transition-property: all;
  transition-property: all;
  -webkit-transition-duration: 0.2s;
  transition-duration: 0.2s;
  border-radius: 8px;
  content: '';
  position: absolute;
  top: -4px;
  bottom: -4px;
  left: -4px;
  right: -4px;
  border: 2px solid transparent;
}

.c2:focus-visible {
  outline: none;
}

.c2:focus-visible:after {
  border-radius: 8px;
  content: '';
  position: absolute;
  top: -5px;
  bottom: -5px;
  left: -5px;
  right: -5px;
  border: 2px solid #4945ff;
}

.c4 {
  display: -webkit-box;
  display: -webkit-flex;
  display: -ms-flexbox;
  display: flex;
}

<div>
  <div
    style="height: 0px;"
  >
    <div
      class="c0"
      data-strapi-header="true"
    >
      <div
        class="c1"
      >
        <a
          aria-current="page"
          class="c2 active"
          href="/?folder=2"
        >
          <span
            aria-hidden="true"
            class="c3 c4"
          >
            <svg
              fill="none"
              height="1em"
              viewBox="0 0 24 24"
              width="1em"
              xmlns="http://www.w3.org/2000/svg"
            >
              <path
                d="M24 13.3a.2.2 0 01-.2.2H5.74l8.239 8.239a.2.2 0 010 .282L12.14 23.86a.2.2 0 01-.282 0L.14 12.14a.2.2 0 010-.282L11.86.14a.2.2 0 01.282 0L13.98 1.98a.2.2 0 010 .282L5.74 10.5H23.8c.11 0 .2.09.2.2v2.6z"
                fill="#212134"
              />
            </svg>
          </span>
          <span
            class="c5"
          >
            Back
          </span>
        </a>
      </div>
      <div
        class="c6"
      >
        <div
          class="c7"
        >
          <h1
            class="c8"
          >
            Media Library
          </h1>
        </div>
        <div
          class="c9 c10"
          spacing="2"
        >
          <button
            aria-disabled="false"
            class="c11 c12"
            type="button"
          >
            <div
              aria-hidden="true"
              class="c13 c14 c15"
            >
              <svg
                fill="none"
                height="1em"
                viewBox="0 0 24 24"
                width="1em"
                xmlns="http://www.w3.org/2000/svg"
              >
                <path
                  d="M24 13.604a.3.3 0 01-.3.3h-9.795V23.7a.3.3 0 01-.3.3h-3.21a.3.3 0 01-.3-.3v-9.795H.3a.3.3 0 01-.3-.3v-3.21a.3.3 0 01.3-.3h9.795V.3a.3.3 0 01.3-.3h3.21a.3.3 0 01.3.3v9.795H23.7a.3.3 0 01.3.3v3.21z"
                  fill="#212134"
                />
              </svg>
            </div>
            <span
              class="c16 c17"
            >
              Add new folder
            </span>
          </button>
          <button
            aria-disabled="false"
            class="c11 c18"
            type="button"
          >
            <div
              aria-hidden="true"
              class="c13 c14 c15"
            >
              <svg
                fill="none"
                height="1em"
                viewBox="0 0 24 24"
                width="1em"
                xmlns="http://www.w3.org/2000/svg"
              >
                <path
                  d="M24 13.604a.3.3 0 01-.3.3h-9.795V23.7a.3.3 0 01-.3.3h-3.21a.3.3 0 01-.3-.3v-9.795H.3a.3.3 0 01-.3-.3v-3.21a.3.3 0 01.3-.3h9.795V.3a.3.3 0 01.3-.3h3.21a.3.3 0 01.3.3v9.795H23.7a.3.3 0 01.3.3v3.21z"
                  fill="#212134"
                />
              </svg>
            </div>
            <span
              class="c16 c17"
            >
              Add new assets
            </span>
          </button>
        </div>
      </div>
    </div>
  </div>
  <div
    class="c19"
  >
    <p
      aria-live="polite"
      aria-relevant="all"
      id="live-region-log"
      role="log"
    />
    <p
      aria-live="polite"
      aria-relevant="all"
      id="live-region-status"
      role="status"
    />
    <p
      aria-live="assertive"
      aria-relevant="all"
      id="live-region-alert"
      role="alert"
    />
  </div>
</div>
`;
