// Jest Snapshot v1, https://goo.gl/fbAQLP

exports[`PendingAssetStep snapshots the component with valid cards 1`] = `
.c0 {
  background: #f6f6f9;
  padding-block-start: 16px;
  padding-inline-end: 20px;
  padding-block-end: 16px;
  padding-inline-start: 20px;
}

.c4 {
  background: #ffffff;
  padding-block: 8px;
  padding-inline: 8px;
  border-radius: 4px;
  border-color: #dcdce4;
  border: 1px solid #dcdce4;
  cursor: pointer;
}

.c9 {
  padding-block: 32px;
  padding-inline: 32px;
}

.c15 {
  background: #4945ff;
  padding-block: 8px;
  padding-inline: 8px;
  padding-inline-end: 16px;
  padding-inline-start: 16px;
  border-radius: 4px;
  border-color: #4945ff;
  border: 1px solid #4945ff;
  cursor: pointer;
}

.c21 {
  background: #ffffff;
  border-radius: 4px;
  border-style: solid;
  border-width: 1px;
  border-color: #eaeaef;
  box-shadow: 0px 1px 4px rgba(33, 33, 52, 0.1);
  height: 100%;
}

.c23 {
  position: relative;
}

.c32 {
  padding-block-start: 8px;
  padding-inline-end: 12px;
  padding-block-end: 8px;
  padding-inline-start: 12px;
}

.c35 {
  padding-block-start: 4px;
}

.c37 {
  padding-block-start: 4px;
  flex-grow: 1;
}

.c40 {
  background: #eaeaef;
  padding-inline-end: 8px;
  padding-inline-start: 8px;
  min-width: 20px;
}

.c45 {
  width: 100%;
  height: 8.8rem;
}

.c49 {
  background: #32324d;
  color: #ffffff;
  padding-block: 4px;
  padding-inline: 4px;
  border-radius: 4px;
  position: absolute;
  right: 4px;
  bottom: 4px;
}

.c2 {
  align-items: center;
  display: flex;
  flex-direction: row;
  justify-content: space-between;
}

.c5 {
  align-items: center;
  display: flex;
  flex-direction: row;
  justify-content: center;
}

.c11 {
  align-items: stretch;
  display: flex;
  flex-direction: column;
  gap: 32px;
}

.c12 {
  align-items: stretch;
  display: flex;
  flex-direction: column;
}

.c16 {
  align-items: center;
  display: flex;
  flex-direction: row;
  gap: 8px;
}

.c33 {
  align-items: flex-start;
  display: flex;
  flex-direction: row;
}

.c38 {
  align-items: center;
  display: flex;
  flex-direction: row;
}

.c41 {
  align-items: center;
  display: inline-flex;
  flex-direction: row;
  justify-content: center;
}

.c3 {
  font-size: 1.4rem;
  line-height: 1.43;
  font-weight: 600;
  color: #32324d;
}

.c13 {
  font-size: 1.2rem;
  line-height: 1.33;
  font-weight: 600;
  color: #32324d;
}

.c14 {
  font-size: 1.2rem;
  line-height: 1.33;
  color: #666687;
}

.c18 {
  font-size: 1.2rem;
  line-height: 1.33;
  font-weight: 600;
  color: currentcolor;
}

.c44 {
  font-weight: 600;
  font-size: 1.1rem;
  line-height: 1.45;
  text-transform: uppercase;
  line-height: 1rem;
  color: #666687;
}

.c50 {
  font-size: 1.2rem;
  line-height: 1.33;
  color: #ffffff;
}

.c8 {
  border: 0;
  clip: rect(0 0 0 0);
  height: 1px;
  margin: -1px;
  overflow: hidden;
  padding: 0;
  position: absolute;
  width: 1px;
}

.c42 {
  border-radius: 4px;
  padding-block: 0.7rem;
}

.c6 {
  position: relative;
  outline: none;
}

.c6[aria-disabled='true'] {
  pointer-events: none;
}

.c6:after {
  transition-property: all;
  transition-duration: 0.2s;
  border-radius: 8px;
  content: '';
  position: absolute;
  top: -4px;
  bottom: -4px;
  left: -4px;
  right: -4px;
  border: 2px solid transparent;
}

.c6:focus-visible {
  outline: none;
}

.c6:focus-visible:after {
  border-radius: 8px;
  content: '';
  position: absolute;
  top: -5px;
  bottom: -5px;
  left: -5px;
  right: -5px;
  border: 2px solid #4945ff;
}

.c26 {
  min-width: 1.8rem;
  height: 1.8rem;
  margin: 0;
  appearance: none;
  border-radius: 4px;
  border: 1px solid #c0c0cf;
  background-color: #ffffff;
  cursor: pointer;
}

.c26:checked {
  background-color: #4945ff;
  border: 1px solid #4945ff;
}

.c26:checked:after {
  content: '';
  display: block;
  position: relative;
  background: url("data:image/svg+xml,%3csvg%20width='10'%20height='8'%20viewBox='0%200%2010%208'%20fill='none'%20xmlns='http://www.w3.org/2000/svg'%3e%3cpath%20d='M8.55323%200.396973C8.63135%200.316355%208.76051%200.315811%208.83931%200.395768L9.86256%201.43407C9.93893%201.51157%209.93935%201.6359%209.86349%201.7139L4.06401%207.67724C3.9859%207.75755%203.85707%207.75805%203.77834%207.67834L0.13866%203.99333C0.0617798%203.91549%200.0617102%203.79032%200.138504%203.7124L1.16213%202.67372C1.24038%202.59432%201.36843%202.59422%201.4468%202.67348L3.92174%205.17647L8.55323%200.396973Z'%20fill='white'%20/%3e%3c/svg%3e") no-repeat no-repeat center center;
  width: 1rem;
  height: 1rem;
  left: 50%;
  top: 50%;
  transform: translateX(-50%) translateY(-50%);
}

.c26:checked:disabled:after {
  background: url("data:image/svg+xml,%3csvg%20width='10'%20height='8'%20viewBox='0%200%2010%208'%20fill='none'%20xmlns='http://www.w3.org/2000/svg'%3e%3cpath%20d='M8.55323%200.396973C8.63135%200.316355%208.76051%200.315811%208.83931%200.395768L9.86256%201.43407C9.93893%201.51157%209.93935%201.6359%209.86349%201.7139L4.06401%207.67724C3.9859%207.75755%203.85707%207.75805%203.77834%207.67834L0.13866%203.99333C0.0617798%203.91549%200.0617102%203.79032%200.138504%203.7124L1.16213%202.67372C1.24038%202.59432%201.36843%202.59422%201.4468%202.67348L3.92174%205.17647L8.55323%200.396973Z'%20fill='%238E8EA9'%20/%3e%3c/svg%3e") no-repeat no-repeat center center;
}

.c26:disabled {
  background-color: #dcdce4;
  border: 1px solid #c0c0cf;
}

.c26:indeterminate {
  background-color: #4945ff;
  border: 1px solid #4945ff;
}

.c26:indeterminate:after {
  content: '';
  display: block;
  position: relative;
  color: white;
  height: 2px;
  width: 10px;
  background-color: #ffffff;
  left: 50%;
  top: 50%;
  transform: translateX(-50%) translateY(-50%);
}

.c26:indeterminate:disabled {
  background-color: #dcdce4;
  border: 1px solid #c0c0cf;
}

.c26:indeterminate:disabled:after {
  background-color: #8e8ea9;
}

.c17 {
  height: 3.2rem;
  color: #ffffff;
}

.c17 svg {
  height: 1.2rem;
}

.c17[aria-disabled='true'] {
  border: 1px solid #dcdce4;
  background: #eaeaef;
  color: #666687;
}

.c17[aria-disabled='true']:active {
  border: 1px solid #dcdce4;
  background: #eaeaef;
  color: #666687;
}

.c17:hover {
  border: 1px solid #7b79ff;
  background: #7b79ff;
}

.c17:active {
  border: 1px solid #4945ff;
  background: #4945ff;
}

.c52 {
  height: 3.2rem;
  border: 1px solid #dcdce4;
  background: #ffffff;
  color: #32324d;
}

.c52 svg {
  height: 1.2rem;
}

.c52[aria-disabled='true'] {
  border: 1px solid #dcdce4;
  background: #eaeaef;
  color: #666687;
}

.c52[aria-disabled='true']:active {
  border: 1px solid #dcdce4;
  background: #eaeaef;
  color: #666687;
}

.c52:hover {
  background-color: #f6f6f9;
}

.c52:active {
  background-color: #eaeaef;
}

.c25 {
  position: absolute;
  top: 12px;
  left: 12px;
}

.c27 {
  position: absolute;
  top: 12px;
  right: 12px;
}

.c31 {
  margin: 0;
  padding: 0;
  max-height: 100%;
  max-width: 100%;
  object-fit: contain;
}

.c30 {
  display: flex;
  justify-content: center;
  height: 8.8rem;
  width: 100%;
  background: repeating-conic-gradient(#f6f6f9 0% 25%, transparent 0% 50%) 50%/20px 20px;
  border-top-left-radius: 4px;
  border-top-right-radius: 4px;
}

.c39 {
  margin-left: auto;
  flex-shrink: 0;
}

.c43 {
  margin-left: 4px;
}

.c34 {
  word-break: break-all;
}

.c24 {
  border-bottom: 1px solid #eaeaef;
}

.c19 {
  display: grid;
  grid-template-columns: repeat(12, 1fr);
  gap: 16px;
}

.c20 {
  grid-column: span 4;
  max-width: 100%;
}

.c7 {
  border-color: #dcdce4;
  height: 3.2rem;
  width: 3.2rem;
  color: #8e8ea9;
}

.c7:hover,
.c7:focus {
  color: #666687;
}

.c7[aria-disabled='true'] {
  color: #666687;
}

.c1 {
  border-radius: 4px 4px 0 0;
  border-bottom: 1px solid #eaeaef;
}

.c51 {
  border-radius: 0 0 4px 4px;
  border-top: 1px solid #eaeaef;
}

.c10 {
  overflow: auto;
  max-height: 60vh;
}

.c36 {
  text-transform: uppercase;
}

.c29 {
  opacity: 0;
}

.c29:focus-within {
  opacity: 1;
}

.c22 {
  cursor: pointer;
}

.c22:hover .c28 {
  opacity: 1;
}

.c47 svg {
  font-size: 4.8rem;
}

.c46 {
  border-radius: 4px 4px 0 0;
  background: linear-gradient(180deg, #ffffff 0%, #f6f6f9 121.48%);
}

.c48 canvas,
.c48 video {
  display: block;
  pointer-events: none;
  max-width: 100%;
  max-height: 8.8rem;
}

@media (max-width: 1100px) {
  .c20 {
    grid-column: span;
  }
}

@media (max-width: 550px) {
  .c20 {
    grid-column: span;
  }
}

<div>
  <form>
    <div
      class="c0 c1"
    >
      <div
        class="c2"
      >
        <h2
          class="c3"
          id="title"
        >
          Add new assets
        </h2>
        <button
          aria-disabled="false"
          class="c4 c5 c6 c7"
          type="button"
        >
          <svg
            aria-hidden="true"
            fill="currentColor"
            focusable="false"
            height="16"
            viewBox="0 0 32 32"
            width="16"
            xmlns="http://www.w3.org/2000/svg"
          >
            <path
              d="M26.061 23.939a1.503 1.503 0 0 1-2.125 2.125L16 18.125l-7.939 7.936a1.503 1.503 0 1 1-2.125-2.125L13.875 16 5.939 8.061a1.503 1.503 0 1 1 2.125-2.125L16 13.875l7.939-7.94a1.502 1.502 0 1 1 2.125 2.125L18.125 16z"
            />
          </svg>
          <span
            class="c8"
          >
            Close the modal
          </span>
        </button>
      </div>
    </div>
    <div
      class="c9 c10"
    >
      <div
        class="c11"
      >
        <div
          class="c2"
        >
          <div
            class="c12"
          >
            <span
              class="c13"
            >
              3 assets ready to upload
            </span>
            <span
              class="c14"
            >
              Manage the assets before adding them to the Media Library
            </span>
          </div>
          <button
            aria-disabled="false"
            class="c15 c16 c6 c17"
            type="button"
          >
            <span
              class="c18"
            >
              Add new assets
            </span>
          </button>
        </div>
        <div
          class=""
        >
          <div
            class="c19"
          >
            <div
              class="c20"
            >
              <article
                aria-labelledby=":r0:-title"
                class="c21 c22"
                role="button"
                tabindex="-1"
              >
                <div
                  class="c23 c5 c24"
                >
                  <div>
                    <div
                      class="c16 c25"
                    >
                      <input
                        aria-labelledby=":r0:-title"
                        class="c26"
                        type="checkbox"
                      />
                    </div>
                  </div>
                  <div
                    class="c16 c27 c28 c29"
                  >
                    <button
                      aria-disabled="false"
                      class="c4 c5 c6 c7"
                      data-state="closed"
                      type="button"
                    >
                      <svg
                        aria-hidden="true"
                        fill="currentColor"
                        focusable="false"
                        height="16"
                        viewBox="0 0 32 32"
                        width="16"
                        xmlns="http://www.w3.org/2000/svg"
                      >
                        <path
                          d="M27 6h-5V5a3 3 0 0 0-3-3h-6a3 3 0 0 0-3 3v1H5a1 1 0 0 0 0 2h1v18a2 2 0 0 0 2 2h16a2 2 0 0 0 2-2V8h1a1 1 0 1 0 0-2M14 21a1 1 0 0 1-2 0v-8a1 1 0 0 1 2 0zm6 0a1 1 0 0 1-2 0v-8a1 1 0 0 1 2 0zm0-15h-8V5a1 1 0 0 1 1-1h6a1 1 0 0 1 1 1z"
                        />
                      </svg>
                      <span
                        class="c8"
                      >
                        Remove from selection
                      </span>
                    </button>
                    <button
                      aria-disabled="false"
                      class="c4 c5 c6 c7"
                      data-state="closed"
                      type="button"
                    >
                      <svg
                        aria-hidden="true"
                        fill="currentColor"
                        focusable="false"
                        height="16"
                        viewBox="0 0 32 32"
                        width="16"
                        xmlns="http://www.w3.org/2000/svg"
                      >
                        <path
                          d="m28.414 9.171-5.585-5.586a2 2 0 0 0-2.829 0L4.586 19A1.98 1.98 0 0 0 4 20.414V26a2 2 0 0 0 2 2h5.586A1.98 1.98 0 0 0 13 27.414L28.414 12a2 2 0 0 0 0-2.829M24 13.585 18.414 8l3-3L27 10.585z"
                        />
                      </svg>
                      <span
                        class="c8"
                      >
                        Edit
                      </span>
                    </button>
                  </div>
                  <div
                    class="c30"
                  >
                    <img
                      alt="something.jpg"
                      aria-hidden="true"
                      class="c31"
                      src="http://localhost:5000/CPAM.jpg"
                    />
                  </div>
                </div>
                <div
                  class="c32"
                >
                  <div
                    class="c33"
                  >
                    <div
                      class="c34"
                    >
                      <div
                        class="c35"
                      >
                        <h2
                          class="c13"
                          id=":r0:-title"
                        >
                          something.jpg
                        </h2>
                      </div>
                      <div
                        class="c14"
                      >
                        <span
                          class="c36"
                        >
                          jpg
                        </span>
                      </div>
                    </div>
                    <div
                      class="c37 c38"
                    >
                      <div
                        class="c39"
                      >
                        <div
                          class="c40 c41 c42 c43"
                        >
                          <span
                            class="c44"
                          >
                            Image
                          </span>
                        </div>
                      </div>
                    </div>
                  </div>
                </div>
              </article>
            </div>
            <div
              class="c20"
            >
              <article
                aria-labelledby=":r3:-title"
                class="c21 c22"
                role="button"
                tabindex="-1"
              >
                <div
                  class="c23 c5 c24"
                >
                  <div>
                    <div
                      class="c16 c25"
                    >
                      <input
                        aria-labelledby=":r3:-title"
                        class="c26"
                        type="checkbox"
                      />
                    </div>
                  </div>
                  <div
                    class="c16 c27 c28 c29"
                  >
                    <button
                      aria-disabled="false"
                      class="c4 c5 c6 c7"
                      data-state="closed"
                      type="button"
                    >
                      <svg
                        aria-hidden="true"
                        fill="currentColor"
                        focusable="false"
                        height="16"
                        viewBox="0 0 32 32"
                        width="16"
                        xmlns="http://www.w3.org/2000/svg"
                      >
                        <path
                          d="M27 6h-5V5a3 3 0 0 0-3-3h-6a3 3 0 0 0-3 3v1H5a1 1 0 0 0 0 2h1v18a2 2 0 0 0 2 2h16a2 2 0 0 0 2-2V8h1a1 1 0 1 0 0-2M14 21a1 1 0 0 1-2 0v-8a1 1 0 0 1 2 0zm6 0a1 1 0 0 1-2 0v-8a1 1 0 0 1 2 0zm0-15h-8V5a1 1 0 0 1 1-1h6a1 1 0 0 1 1 1z"
                        />
                      </svg>
                      <span
                        class="c8"
                      >
                        Remove from selection
                      </span>
                    </button>
                    <button
                      aria-disabled="false"
                      class="c4 c5 c6 c7"
                      data-state="closed"
                      type="button"
                    >
                      <svg
                        aria-hidden="true"
                        fill="currentColor"
                        focusable="false"
                        height="16"
                        viewBox="0 0 32 32"
                        width="16"
                        xmlns="http://www.w3.org/2000/svg"
                      >
                        <path
                          d="m28.414 9.171-5.585-5.586a2 2 0 0 0-2.829 0L4.586 19A1.98 1.98 0 0 0 4 20.414V26a2 2 0 0 0 2 2h5.586A1.98 1.98 0 0 0 13 27.414L28.414 12a2 2 0 0 0 0-2.829M24 13.585 18.414 8l3-3L27 10.585z"
                        />
                      </svg>
                      <span
                        class="c8"
                      >
                        Edit
                      </span>
                    </button>
                  </div>
                  <div
                    class="c45 c5 c46"
                  >
                    <span
                      class="c47"
                    >
                      <svg
                        aria-label="something.pdf"
                        fill="currentColor"
                        height="16"
                        viewBox="0 0 32 32"
                        width="16"
                        xmlns="http://www.w3.org/2000/svg"
                      >
                        <path
                          d="M6 15h20a1 1 0 0 0 1-1v-3a1 1 0 0 0-.293-.707l-7-7A1 1 0 0 0 19 3H7a2 2 0 0 0-2 2v9a1 1 0 0 0 1 1m13-9.5 5.5 5.5H19zM28 19a1 1 0 0 1-1 1h-3v2h2a1 1 0 0 1 0 2h-2v2a1 1 0 0 1-2 0v-7a1 1 0 0 1 1-1h4a1 1 0 0 1 1 1M8 18H6a1 1 0 0 0-1 1v7a1 1 0 1 0 2 0v-1h1a3.5 3.5 0 1 0 0-7m0 5H7v-3h1a1.5 1.5 0 1 1 0 3m8-5h-2a1 1 0 0 0-1 1v7a1 1 0 0 0 1 1h2a4.5 4.5 0 1 0 0-9m0 7h-1v-5h1a2.5 2.5 0 0 1 0 5"
                        />
                      </svg>
                    </span>
                  </div>
                </div>
                <div
                  class="c32"
                >
                  <div
                    class="c33"
                  >
                    <div
                      class="c34"
                    >
                      <div
                        class="c35"
                      >
                        <h2
                          class="c13"
                          id=":r3:-title"
                        >
                          something.pdf
                        </h2>
                      </div>
                      <div
                        class="c14"
                      >
                        <span
                          class="c36"
                        >
                          pdf
                        </span>
                      </div>
                    </div>
                    <div
                      class="c37 c38"
                    >
                      <div
                        class="c39"
                      >
                        <div
                          class="c40 c41 c42 c43"
                        >
                          <span
                            class="c44"
                          >
                            Doc
                          </span>
                        </div>
                      </div>
                    </div>
                  </div>
                </div>
              </article>
            </div>
            <div
              class="c20"
            >
              <article
                aria-labelledby=":r6:-title"
                class="c21 c22"
                role="button"
                tabindex="-1"
              >
                <div
                  class="c23 c5 c24"
                >
                  <div>
                    <div
                      class="c16 c25"
                    >
                      <input
                        aria-labelledby=":r6:-title"
                        class="c26"
                        type="checkbox"
                      />
                    </div>
                  </div>
                  <div
                    class="c16 c27 c28 c29"
                  >
                    <button
                      aria-disabled="false"
                      class="c4 c5 c6 c7"
                      data-state="closed"
                      type="button"
                    >
                      <svg
                        aria-hidden="true"
                        fill="currentColor"
                        focusable="false"
                        height="16"
                        viewBox="0 0 32 32"
                        width="16"
                        xmlns="http://www.w3.org/2000/svg"
                      >
                        <path
                          d="M27 6h-5V5a3 3 0 0 0-3-3h-6a3 3 0 0 0-3 3v1H5a1 1 0 0 0 0 2h1v18a2 2 0 0 0 2 2h16a2 2 0 0 0 2-2V8h1a1 1 0 1 0 0-2M14 21a1 1 0 0 1-2 0v-8a1 1 0 0 1 2 0zm6 0a1 1 0 0 1-2 0v-8a1 1 0 0 1 2 0zm0-15h-8V5a1 1 0 0 1 1-1h6a1 1 0 0 1 1 1z"
                        />
                      </svg>
                      <span
                        class="c8"
                      >
                        Remove from selection
                      </span>
                    </button>
                    <button
                      aria-disabled="false"
                      class="c4 c5 c6 c7"
                      data-state="closed"
                      type="button"
                    >
                      <svg
                        aria-hidden="true"
                        fill="currentColor"
                        focusable="false"
                        height="16"
                        viewBox="0 0 32 32"
                        width="16"
                        xmlns="http://www.w3.org/2000/svg"
                      >
                        <path
                          d="m28.414 9.171-5.585-5.586a2 2 0 0 0-2.829 0L4.586 19A1.98 1.98 0 0 0 4 20.414V26a2 2 0 0 0 2 2h5.586A1.98 1.98 0 0 0 13 27.414L28.414 12a2 2 0 0 0 0-2.829M24 13.585 18.414 8l3-3L27 10.585z"
                        />
                      </svg>
                      <span
                        class="c8"
                      >
                        Edit
                      </span>
                    </button>
                  </div>
                  <div
                    class="c30"
                  >
                    <div
                      class="c48"
                    >
                      <figure
                        class=""
                      >
                        <video
                          crossorigin="anonymous"
                          src="http://localhost:5000/mov_bbb.mp4"
                        >
                          <source
                            type="video/mp4"
                          />
                        </video>
                        <figcaption
                          class="c8"
                        >
                          something.mp4
                        </figcaption>
                      </figure>
                    </div>
                  </div>
                  <time
                    class="c49"
                  >
                    <span
                      class="c50"
                    >
                      ...
                    </span>
                  </time>
                </div>
                <div
                  class="c32"
                >
                  <div
                    class="c33"
                  >
                    <div
                      class="c34"
                    >
                      <div
                        class="c35"
                      >
                        <h2
                          class="c13"
                          id=":r6:-title"
                        >
                          something.mp4
                        </h2>
                      </div>
                      <div
                        class="c14"
                      >
                        <span
                          class="c36"
                        >
                          mp4
                        </span>
                      </div>
                    </div>
                    <div
                      class="c37 c38"
                    >
                      <div
                        class="c39"
                      >
                        <div
                          class="c40 c41 c42 c43"
                        >
                          <span
                            class="c44"
                          >
                            Video
                          </span>
                        </div>
                      </div>
                    </div>
                  </div>
                </div>
              </article>
            </div>
          </div>
        </div>
      </div>
    </div>
    <div
      class="c0 c51"
    >
      <div
        class="c2"
      >
        <div
          class="c16"
        >
          <button
            aria-disabled="false"
            class="c15 c16 c6 c52"
            type="button"
          >
            <span
              class="c18"
            >
              cancel
            </span>
          </button>
        </div>
        <div
          class="c16"
        >
          <button
            aria-disabled="false"
            class="c15 c16 c6 c17"
            type="submit"
          >
            <span
              class="c18"
            >
              Upload 3 assets to the library
            </span>
          </button>
        </div>
      </div>
    </div>
  </form>
  <span
    class="c8"
  >
    <p
      aria-live="polite"
      aria-relevant="all"
      id="live-region-log"
      role="log"
    />
    <p
      aria-live="polite"
      aria-relevant="all"
      id="live-region-status"
      role="status"
    />
    <p
      aria-live="assertive"
      aria-relevant="all"
      id="live-region-alert"
      role="alert"
    />
  </span>
</div>
`;
