// Jest Snapshot v1, https://goo.gl/fbAQLP

exports[`Application page renders and matches the snapshot 1`] = `
.c2 {
  padding-bottom: 56px;
}

.c5 {
  background: #f6f6f9;
  padding-top: 40px;
  padding-right: 56px;
  padding-bottom: 40px;
  padding-left: 56px;
}

.c12 {
  padding-right: 8px;
}

.c16 {
  padding-right: 56px;
  padding-left: 56px;
}

.c19 {
  background: #ffffff;
  padding-top: 24px;
  padding-right: 32px;
  padding-bottom: 24px;
  padding-left: 32px;
  border-radius: 4px;
  box-shadow: 0px 1px 4px rgba(33,33,52,0.1);
}

.c22 {
  padding-top: 4px;
}

.c30 {
  padding-left: 8px;
}

.c6 {
  -webkit-align-items: center;
  -webkit-box-align: center;
  -ms-flex-align: center;
  align-items: center;
  display: -webkit-box;
  display: -webkit-flex;
  display: -ms-flexbox;
  display: flex;
  -webkit-flex-direction: row;
  -ms-flex-direction: row;
  flex-direction: row;
  -webkit-box-pack: justify;
  -webkit-justify-content: space-between;
  -ms-flex-pack: justify;
  justify-content: space-between;
}

.c7 {
  -webkit-align-items: center;
  -webkit-box-align: center;
  -ms-flex-align: center;
  align-items: center;
  display: -webkit-box;
  display: -webkit-flex;
  display: -ms-flexbox;
  display: flex;
  -webkit-flex-direction: row;
  -ms-flex-direction: row;
  flex-direction: row;
}

.c17 {
  -webkit-align-items: stretch;
  -webkit-box-align: stretch;
  -ms-flex-align: stretch;
  align-items: stretch;
  display: -webkit-box;
  display: -webkit-flex;
  display: -ms-flexbox;
  display: flex;
  -webkit-flex-direction: column;
  -ms-flex-direction: column;
  flex-direction: column;
}

.c9 {
  font-weight: 600;
  font-size: 2rem;
  line-height: 1.25;
  color: #32324d;
}

.c14 {
  font-size: 0.75rem;
  line-height: 1.33;
  font-weight: 600;
  line-height: 1.14;
  color: #32324d;
}

.c15 {
  font-size: 1rem;
  line-height: 1.5;
  color: #666687;
}

.c21 {
  font-weight: 500;
  font-size: 1rem;
  line-height: 1.25;
  color: #32324d;
}

.c25 {
  font-weight: 600;
  font-size: 0.6875rem;
  line-height: 1.45;
  text-transform: uppercase;
  color: #666687;
}

.c26 {
  font-size: 0.875rem;
  line-height: 1.43;
  color: #32324d;
}

.c29 {
  font-size: 0.875rem;
  line-height: 1.43;
  color: #4945ff;
}

.c18 > * {
  margin-top: 0;
  margin-bottom: 0;
}

.c18 > * + * {
  margin-top: 24px;
}

.c20 > * {
  margin-top: 0;
  margin-bottom: 0;
}

.c20 > * + * {
  margin-top: 20px;
}

.c10 {
  display: -webkit-box;
  display: -webkit-flex;
  display: -ms-flexbox;
  display: flex;
  cursor: pointer;
  padding: 8px;
  border-radius: 4px;
  background: #ffffff;
  border: 1px solid #dcdce4;
  position: relative;
  outline: none;
}

.c10 svg {
  height: 12px;
  width: 12px;
}

.c10 svg > g,
.c10 svg path {
  fill: #ffffff;
}

.c10[aria-disabled='true'] {
  pointer-events: none;
}

.c10:after {
  -webkit-transition-property: all;
  transition-property: all;
  -webkit-transition-duration: 0.2s;
  transition-duration: 0.2s;
  border-radius: 8px;
  content: '';
  position: absolute;
  top: -4px;
  bottom: -4px;
  left: -4px;
  right: -4px;
  border: 2px solid transparent;
}

.c10:focus-visible {
  outline: none;
}

.c10:focus-visible:after {
  border-radius: 8px;
  content: '';
  position: absolute;
  top: -5px;
  bottom: -5px;
  left: -5px;
  right: -5px;
  border: 2px solid #4945ff;
}

.c13 {
  height: 100%;
}

.c11 {
  -webkit-align-items: center;
  -webkit-box-align: center;
  -ms-flex-align: center;
  align-items: center;
  background-color: #4945ff;
  border: 1px solid #4945ff;
  height: 2rem;
  padding-left: 16px;
  padding-right: 16px;
}

.c11 .c0 {
  display: -webkit-box;
  display: -webkit-flex;
  display: -ms-flexbox;
  display: flex;
  -webkit-align-items: center;
  -webkit-box-align: center;
  -ms-flex-align: center;
  align-items: center;
}

.c11 .c8 {
  color: #ffffff;
}

.c11[aria-disabled='true'] {
  border: 1px solid #dcdce4;
  background: #eaeaef;
}

.c11[aria-disabled='true'] .c8 {
  color: #666687;
}

.c11[aria-disabled='true'] svg > g,.c11[aria-disabled='true'] svg path {
  fill: #666687;
}

.c11[aria-disabled='true']:active {
  border: 1px solid #dcdce4;
  background: #eaeaef;
}

.c11[aria-disabled='true']:active .c8 {
  color: #666687;
}

.c11[aria-disabled='true']:active svg > g,.c11[aria-disabled='true']:active svg path {
  fill: #666687;
}

.c11:hover {
  border: 1px solid #7b79ff;
  background: #7b79ff;
}

.c11:active {
  border: 1px solid #4945ff;
  background: #4945ff;
}

.c11 svg > g,
.c11 svg path {
  fill: #ffffff;
}

.c27 {
  cursor: pointer;
}

.c28 {
  display: -webkit-inline-box;
  display: -webkit-inline-flex;
  display: -ms-inline-flexbox;
  display: inline-flex;
  -webkit-align-items: center;
  -webkit-box-align: center;
  -ms-flex-align: center;
  align-items: center;
  -webkit-text-decoration: none;
  text-decoration: none;
  position: relative;
  outline: none;
}

.c28 svg path {
  fill: #4945ff;
}

.c28 svg {
  font-size: 0.625rem;
}

.c28:after {
  -webkit-transition-property: all;
  transition-property: all;
  -webkit-transition-duration: 0.2s;
  transition-duration: 0.2s;
  border-radius: 8px;
  content: '';
  position: absolute;
  top: -4px;
  bottom: -4px;
  left: -4px;
  right: -4px;
  border: 2px solid transparent;
}

.c28:focus-visible {
  outline: none;
}

.c28:focus-visible:after {
  border-radius: 8px;
  content: '';
  position: absolute;
  top: -5px;
  bottom: -5px;
  left: -5px;
  right: -5px;
  border: 2px solid #4945ff;
}

.c31 {
  display: -webkit-box;
  display: -webkit-flex;
  display: -ms-flexbox;
  display: flex;
}

.c1 {
  display: grid;
  grid-template-columns: 1fr;
}

.c3 {
  overflow-x: hidden;
}

.c23 {
  display: grid;
  grid-template-columns: repeat(12,1fr);
  gap: 0px;
}

.c24 {
  grid-column: span 6;
  max-width: 100%;
}

.c4:focus-visible {
  outline: none;
}

@media (max-width:68.75rem) {
  .c24 {
    grid-column: span 12;
  }
}

@media (max-width:34.375rem) {
  .c24 {
    grid-column: span;
  }
}

<div
  class="c0 c1"
>
  <div
    class="c0 c2 c3"
  >
    <main
      aria-labelledby="main-content-title"
      class="c4"
      id="main-content"
      tabindex="-1"
    >
      <form>
        <div
          style="height: 0px;"
        >
          <div
            class="c0 c5"
            data-strapi-header="true"
          >
            <div
              class="c0 c6"
            >
              <div
                class="c0 c7"
              >
                <h1
                  class="c8 c9"
                >
                  Overview
                </h1>
              </div>
              <button
                aria-disabled="false"
                class="c10 c11"
                type="submit"
              >
                <div
                  aria-hidden="true"
                  class="c0 c12 c13"
                >
                  <svg
                    fill="none"
                    height="1em"
                    viewBox="0 0 24 24"
                    width="1em"
                    xmlns="http://www.w3.org/2000/svg"
                  >
                    <path
                      d="M20.727 2.97a.2.2 0 01.286 0l2.85 2.89a.2.2 0 010 .28L9.554 20.854a.2.2 0 01-.285 0l-9.13-9.243a.2.2 0 010-.281l2.85-2.892a.2.2 0 01.284 0l6.14 6.209L20.726 2.97z"
                      fill="#212134"
                    />
                  </svg>
                </div>
                <span
                  class="c8 c14"
                >
                  Save
                </span>
              </button>
            </div>
            <p
              class="c8 c15"
            >
              Administration panelâ€™s global information
            </p>
          </div>
        </div>
        <div
          class="c0 c16"
        >
          <div
            class="c0 c17 c18"
            spacing="6"
          >
            <div
              class="c0 c19 c17 c20"
              spacing="5"
            >
              <h3
                class="c8 c21"
              >
                Details
              </h3>
              <div
                class="c0 c22 c23"
              >
                <div
                  class="c24"
                >
                  <div
                    class="c0 "
                  >
                    <span
                      class="c8 c25"
                    >
                      strapi version
                    </span>
                    <p
                      class="c8 c26"
                    >
                      v
                    </p>
                    <a
                      class="c27 c28"
                      href="https://support.strapi.io/support/home"
                      rel="noreferrer noopener"
                      target="_blank"
                    >
                      <span
                        class="c8 c29"
                      >
                        Get help
                      </span>
                      <span
                        aria-hidden="true"
                        class="c0 c30 c31"
                      >
                        <svg
                          fill="none"
                          height="1em"
                          viewBox="0 0 24 24"
                          width="1em"
                          xmlns="http://www.w3.org/2000/svg"
                        >
                          <path
                            d="M16.235 2.824a1.412 1.412 0 010-2.824h6.353C23.368 0 24 .633 24 1.412v6.353a1.412 1.412 0 01-2.823 0V4.82l-8.179 8.178a1.412 1.412 0 01-1.996-1.996l8.178-8.178h-2.945zm4.942 10.588a1.412 1.412 0 012.823 0v9.176c0 .78-.632 1.412-1.412 1.412H1.412C.632 24 0 23.368 0 22.588V1.412C0 .632.632 0 1.412 0h9.176a1.412 1.412 0 010 2.824H2.824v18.353h18.353v-7.765z"
                            fill="#32324D"
                          />
                        </svg>
                      </span>
                    </a>
                  </div>
                </div>
                <div
                  class="c24"
                >
                  <div
                    class="c0 "
                  >
                    <span
                      class="c8 c25"
                    >
                      current plan
                    </span>
                    <p
                      class="c8 c26"
                    >
                      Enterprise Edition
                    </p>
                  </div>
                </div>
              </div>
              <div
                class="c0 c22 c23"
              >
                <div
                  class="c24"
                >
                  <div
                    class="c0 "
                  />
                </div>
                <div
                  class="c24"
                >
                  <div
                    class="c0 "
                  >
                    <a
                      class="c27 c28"
                      href="https://strapi.io/pricing-self-hosted"
                      rel="noreferrer noopener"
                      target="_blank"
                    >
                      <span
                        class="c8 c29"
                      >
                        See all pricing plans
                      </span>
                      <span
                        aria-hidden="true"
                        class="c0 c30 c31"
                      >
                        <svg
                          fill="none"
                          height="1em"
                          viewBox="0 0 24 24"
                          width="1em"
                          xmlns="http://www.w3.org/2000/svg"
                        >
                          <path
                            d="M16.235 2.824a1.412 1.412 0 010-2.824h6.353C23.368 0 24 .633 24 1.412v6.353a1.412 1.412 0 01-2.823 0V4.82l-8.179 8.178a1.412 1.412 0 01-1.996-1.996l8.178-8.178h-2.945zm4.942 10.588a1.412 1.412 0 012.823 0v9.176c0 .78-.632 1.412-1.412 1.412H1.412C.632 24 0 23.368 0 22.588V1.412C0 .632.632 0 1.412 0h9.176a1.412 1.412 0 010 2.824H2.824v18.353h18.353v-7.765z"
                            fill="#32324D"
                          />
                        </svg>
                      </span>
                    </a>
                  </div>
                </div>
              </div>
              <div
                class="c0 c22"
              >
                <span
                  class="c8 c25"
                >
                  node version
                </span>
                <p
                  class="c8 c26"
                />
              </div>
            </div>
          </div>
        </div>
      </form>
    </main>
  </div>
</div>
`;
