// Jest Snapshot v1, https://goo.gl/fbAQLP

exports[`RemoveAssetDialog snapshots the component 1`] = `
.c0 {
  margin-inline-start: -250px;
  position: fixed;
  left: 50%;
  top: 4.6rem;
  z-index: 10;
  width: 50rem;
}

.c3 {
  padding-block: 40px;
  padding-inline: 40px;
  position: fixed;
  z-index: 320;
}

.c5 {
  background: #ffffff;
  border-radius: 4px;
  box-shadow: 0px 2px 15px rgba(33, 33, 52, 0.1);
}

.c7 {
  padding-block: 24px;
  padding-inline: 24px;
}

.c11 {
  padding-block-start: 40px;
  padding-inline-end: 24px;
  padding-block-end: 40px;
  padding-inline-start: 24px;
}

.c12 {
  padding-block-end: 8px;
}

.c15 {
  padding-block: 16px;
  padding-inline: 16px;
}

.c18 {
  background: #4945ff;
  padding-block: 8px;
  padding-inline: 8px;
  padding-inline-end: 16px;
  padding-inline-start: 16px;
  border-radius: 4px;
  border-color: #4945ff;
  border: 1px solid #4945ff;
  cursor: pointer;
}

.c1 {
  align-items: stretch;
  display: flex;
  flex-direction: column;
  gap: 8px;
}

.c8 {
  align-items: center;
  display: flex;
  flex-direction: row;
  justify-content: center;
}

.c17 {
  align-items: center;
  display: flex;
  flex-direction: row;
  gap: 8px;
}

.c10 {
  font-weight: 600;
  font-size: 1.8rem;
  line-height: 1.22;
  color: currentcolor;
}

.c14 {
  font-size: 1.4rem;
  line-height: 1.43;
  color: currentcolor;
}

.c21 {
  font-size: 1.2rem;
  line-height: 1.33;
  font-weight: 600;
  color: currentcolor;
}

.c2 {
  border: 0;
  clip: rect(0 0 0 0);
  height: 1px;
  margin: -1px;
  overflow: hidden;
  padding: 0;
  position: absolute;
  width: 1px;
}

.c19 {
  position: relative;
  outline: none;
}

.c19[aria-disabled='true'] {
  pointer-events: none;
}

.c19:after {
  transition-property: all;
  transition-duration: 0.2s;
  border-radius: 8px;
  content: '';
  position: absolute;
  top: -4px;
  bottom: -4px;
  left: -4px;
  right: -4px;
  border: 2px solid transparent;
}

.c19:focus-visible {
  outline: none;
}

.c19:focus-visible:after {
  border-radius: 8px;
  content: '';
  position: absolute;
  top: -5px;
  bottom: -5px;
  left: -5px;
  right: -5px;
  border: 2px solid #4945ff;
}

.c20 {
  height: 3.2rem;
  border: 1px solid #dcdce4;
  background: #ffffff;
  color: #32324d;
}

.c20 svg {
  height: 1.2rem;
}

.c20[aria-disabled='true'] {
  border: 1px solid #dcdce4;
  background: #eaeaef;
  color: #666687;
}

.c20[aria-disabled='true']:active {
  border: 1px solid #dcdce4;
  background: #eaeaef;
  color: #666687;
}

.c20:hover {
  background-color: #f6f6f9;
}

.c20:active {
  background-color: #eaeaef;
}

.c22 {
  height: 3.2rem;
  border: 1px solid #d02b20;
  background: #d02b20;
  color: #ffffff;
}

.c22 svg {
  height: 1.2rem;
}

.c22[aria-disabled='true'] {
  border: 1px solid #dcdce4;
  background: #eaeaef;
  color: #666687;
}

.c22[aria-disabled='true']:active {
  border: 1px solid #dcdce4;
  background: #eaeaef;
  color: #666687;
}

.c22:hover {
  border: 1px solid #ee5e52;
  background: #ee5e52;
}

.c22:active {
  border: 1px solid #d02b20;
  background: #d02b20;
}

.c4 {
  inset: 0;
  background: #32324d33;
}

.c6 {
  max-width: 41.2rem;
  margin: 0 auto;
  overflow: hidden;
  margin-top: 10%;
}

.c9 {
  border-bottom: 1px solid #eaeaef;
}

.c13 svg {
  width: 24px;
  height: 24px;
}

.c13 svg path {
  fill: #d02b20;
}

.c16 {
  border-top: 1px solid #eaeaef;
}

.c16 button {
  width: 100%;
  display: inline-flex;
  justify-content: center;
}

<body
  class="lock-body-scroll"
>
  <div>
    <div
      class="c0 c1"
    />
    <span
      class="c2"
    >
      <p
        aria-live="polite"
        aria-relevant="all"
        id="live-region-log"
        role="log"
      />
      <p
        aria-live="polite"
        aria-relevant="all"
        id="live-region-status"
        role="status"
      />
      <p
        aria-live="assertive"
        aria-relevant="all"
        id="live-region-alert"
        role="alert"
      />
    </span>
  </div>
  <div
    class=""
  >
    <div
      class="c3 c4"
    >
      <div>
        <div>
          <div
            aria-labelledby=":r0:-label"
            aria-modal="true"
            class="c5 c6"
            role="dialog"
          >
            <div
              class="c7 c8 c9"
            >
              <h2
                class="c10"
                id=":r0:-label"
                tag="span"
              >
                Confirmation
              </h2>
            </div>
            <div
              class=""
            >
              <div
                class="c11"
              >
                <div
                  class="c12 c13"
                >
                  <div
                    class="c8"
                  >
                    <svg
                      fill="currentColor"
                      height="16"
                      viewBox="0 0 32 32"
                      width="16"
                      xmlns="http://www.w3.org/2000/svg"
                    >
                      <path
                        d="M16 3a13 13 0 1 0 13 13A13.013 13.013 0 0 0 16 3m-1 7a1 1 0 0 1 2 0v7a1 1 0 0 1-2 0zm1 13a1.5 1.5 0 1 1 0-3 1.5 1.5 0 0 1 0 3"
                      />
                    </svg>
                  </div>
                </div>
                <div
                  class="c1"
                >
                  <div
                    class="c8"
                  >
                    <span
                      class="c14"
                    >
                      Are you sure?
                    </span>
                  </div>
                </div>
              </div>
              <div
                class="c15 c16"
              >
                <div
                  class="c17"
                >
                  <button
                    aria-disabled="false"
                    class="c18 c17 c19 c20"
                    type="button"
                  >
                    <span
                      class="c21"
                    >
                      Cancel
                    </span>
                  </button>
                  <button
                    aria-disabled="false"
                    class="c18 c17 c19 c22"
                    type="button"
                  >
                    <span
                      class="c21"
                    >
                      Confirm
                    </span>
                  </button>
                </div>
              </div>
            </div>
          </div>
        </div>
      </div>
    </div>
  </div>
</body>
`;
