// Jest Snapshot v1, https://goo.gl/fbAQLP

exports[`BulkMoveButton renders 1`] = `
.c0 {
  background: #4945ff;
  padding-block: 8px;
  padding-inline: 8px;
  padding-inline-end: 16px;
  padding-inline-start: 16px;
  border-radius: 4px;
  border-color: #4945ff;
  border: 1px solid #4945ff;
  cursor: pointer;
}

.c4 {
  font-size: 1.2rem;
  line-height: 1.33;
  font-weight: 600;
  color: currentcolor;
}

.c1 {
  align-items: center;
  display: flex;
  flex-direction: row;
  gap: 8px;
}

.c5 {
  border: 0;
  clip: rect(0 0 0 0);
  height: 1px;
  margin: -1px;
  overflow: hidden;
  padding: 0;
  position: absolute;
  width: 1px;
}

.c2 {
  position: relative;
  outline: none;
}

.c2[aria-disabled='true'] {
  pointer-events: none;
}

.c2:after {
  transition-property: all;
  transition-duration: 0.2s;
  border-radius: 8px;
  content: '';
  position: absolute;
  top: -4px;
  bottom: -4px;
  left: -4px;
  right: -4px;
  border: 2px solid transparent;
}

.c2:focus-visible {
  outline: none;
}

.c2:focus-visible:after {
  border-radius: 8px;
  content: '';
  position: absolute;
  top: -5px;
  bottom: -5px;
  left: -5px;
  right: -5px;
  border: 2px solid #4945ff;
}

.c3 {
  height: 3.2rem;
  border: 1px solid #d9d8ff;
  background: #f0f0ff;
  color: #271fe0;
}

.c3 svg {
  height: 1.2rem;
}

.c3[aria-disabled='true'] {
  border: 1px solid #dcdce4;
  background: #eaeaef;
  color: #666687;
}

.c3[aria-disabled='true']:active {
  border: 1px solid #dcdce4;
  background: #eaeaef;
  color: #666687;
}

.c3:hover {
  background-color: #ffffff;
}

.c3:active {
  background-color: #ffffff;
  border: 1px solid #4945ff;
  color: #4945ff;
}

<div>
  <button
    aria-disabled="false"
    class="c0 c1 c2 c3"
    type="button"
  >
    <div
      aria-hidden="true"
      class=""
    >
      <svg
        fill="currentColor"
        height="16"
        viewBox="0 0 32 32"
        width="16"
        xmlns="http://www.w3.org/2000/svg"
      >
        <path
          d="M27 9H16.414L13 5.586A1.98 1.98 0 0 0 11.586 5H5a2 2 0 0 0-2 2v18.078A1.926 1.926 0 0 0 4.924 27H27.11A1.89 1.89 0 0 0 29 25.111V11a2 2 0 0 0-2-2M5 7h6.586l2 2H5z"
        />
      </svg>
    </div>
    <span
      class="c4"
    >
      Move
    </span>
  </button>
  <span
    class="c5"
  >
    <p
      aria-live="polite"
      aria-relevant="all"
      id="live-region-log"
      role="log"
    />
    <p
      aria-live="polite"
      aria-relevant="all"
      id="live-region-status"
      role="status"
    />
    <p
      aria-live="assertive"
      aria-relevant="all"
      id="live-region-alert"
      role="alert"
    />
  </span>
</div>
`;
