// Jest Snapshot v1, https://goo.gl/fbAQLP

exports[`BulkActions renders 1`] = `
.c0 {
  padding-block-end: 20px;
}

.c3 {
  background: #4945ff;
  padding-block: 8px;
  padding-inline: 8px;
  padding-inline-end: 16px;
  padding-inline-start: 16px;
  border-radius: 4px;
  border-color: #4945ff;
  border: 1px solid #4945ff;
  cursor: pointer;
}

.c1 {
  align-items: center;
  display: flex;
  flex-direction: row;
  gap: 8px;
}

.c2 {
  font-size: 1.6rem;
  line-height: 1.5;
  color: #666687;
}

.c6 {
  font-size: 1.2rem;
  line-height: 1.33;
  font-weight: 600;
  color: currentcolor;
}

.c8 {
  border: 0;
  clip: rect(0 0 0 0);
  height: 1px;
  margin: -1px;
  overflow: hidden;
  padding: 0;
  position: absolute;
  width: 1px;
}

.c4 {
  position: relative;
  outline: none;
}

.c4[aria-disabled='true'] {
  pointer-events: none;
}

.c4:after {
  transition-property: all;
  transition-duration: 0.2s;
  border-radius: 8px;
  content: '';
  position: absolute;
  top: -4px;
  bottom: -4px;
  left: -4px;
  right: -4px;
  border: 2px solid transparent;
}

.c4:focus-visible {
  outline: none;
}

.c4:focus-visible:after {
  border-radius: 8px;
  content: '';
  position: absolute;
  top: -5px;
  bottom: -5px;
  left: -5px;
  right: -5px;
  border: 2px solid #4945ff;
}

.c5 {
  height: 3.2rem;
  border: 1px solid #f5c0b8;
  background: #fcecea;
  color: #b72b1a;
}

.c5 svg {
  height: 1.2rem;
}

.c5[aria-disabled='true'] {
  border: 1px solid #dcdce4;
  background: #eaeaef;
  color: #666687;
}

.c5[aria-disabled='true']:active {
  border: 1px solid #dcdce4;
  background: #eaeaef;
  color: #666687;
}

.c5:hover {
  background-color: #ffffff;
}

.c5:active {
  background-color: #ffffff;
  border: 1px solid #d02b20;
  color: #d02b20;
}

.c7 {
  height: 3.2rem;
  border: 1px solid #d9d8ff;
  background: #f0f0ff;
  color: #271fe0;
}

.c7 svg {
  height: 1.2rem;
}

.c7[aria-disabled='true'] {
  border: 1px solid #dcdce4;
  background: #eaeaef;
  color: #666687;
}

.c7[aria-disabled='true']:active {
  border: 1px solid #dcdce4;
  background: #eaeaef;
  color: #666687;
}

.c7:hover {
  background-color: #ffffff;
}

.c7:active {
  background-color: #ffffff;
  border: 1px solid #4945ff;
  color: #4945ff;
}

<div>
  <div
    class="c0 c1"
  >
    <span
      class="c2"
    >
      0 folders - 0 assets selected
    </span>
    <button
      aria-disabled="false"
      class="c3 c1 c4 c5"
      type="button"
    >
      <div
        aria-hidden="true"
        class=""
      >
        <svg
          fill="currentColor"
          height="16"
          viewBox="0 0 32 32"
          width="16"
          xmlns="http://www.w3.org/2000/svg"
        >
          <path
            d="M27 6h-5V5a3 3 0 0 0-3-3h-6a3 3 0 0 0-3 3v1H5a1 1 0 0 0 0 2h1v18a2 2 0 0 0 2 2h16a2 2 0 0 0 2-2V8h1a1 1 0 1 0 0-2M14 21a1 1 0 0 1-2 0v-8a1 1 0 0 1 2 0zm6 0a1 1 0 0 1-2 0v-8a1 1 0 0 1 2 0zm0-15h-8V5a1 1 0 0 1 1-1h6a1 1 0 0 1 1 1z"
          />
        </svg>
      </div>
      <span
        class="c6"
      >
        Delete
      </span>
    </button>
    <button
      aria-disabled="false"
      class="c3 c1 c4 c7"
      type="button"
    >
      <div
        aria-hidden="true"
        class=""
      >
        <svg
          fill="currentColor"
          height="16"
          viewBox="0 0 32 32"
          width="16"
          xmlns="http://www.w3.org/2000/svg"
        >
          <path
            d="M27 9H16.414L13 5.586A1.98 1.98 0 0 0 11.586 5H5a2 2 0 0 0-2 2v18.078A1.926 1.926 0 0 0 4.924 27H27.11A1.89 1.89 0 0 0 29 25.111V11a2 2 0 0 0-2-2M5 7h6.586l2 2H5z"
          />
        </svg>
      </div>
      <span
        class="c6"
      >
        Move
      </span>
    </button>
  </div>
  <span
    class="c8"
  >
    <p
      aria-live="polite"
      aria-relevant="all"
      id="live-region-log"
      role="log"
    />
    <p
      aria-live="polite"
      aria-relevant="all"
      id="live-region-status"
      role="status"
    />
    <p
      aria-live="assertive"
      aria-relevant="all"
      id="live-region-alert"
      role="alert"
    />
  </span>
</div>
`;
