// Jest Snapshot v1, https://goo.gl/fbAQLP

exports[`Header renders 1`] = `
.c0 {
  background: #f6f6f9;
  padding-block-start: 24px;
  padding-inline-end: 56px;
  padding-block-end: 40px;
  padding-inline-start: 56px;
}

.c1 {
  padding-block-end: 8px;
}

.c2 {
  cursor: pointer;
}

.c6 {
  min-width: 0;
}

.c10 {
  background: #4945ff;
  padding-block: 8px;
  padding-inline: 8px;
  padding-inline-end: 16px;
  padding-inline-start: 16px;
  border-radius: 4px;
  border-color: #4945ff;
  border: 1px solid #4945ff;
  cursor: pointer;
}

.c5 {
  align-items: center;
  display: flex;
  flex-direction: row;
  justify-content: space-between;
}

.c7 {
  align-items: center;
  display: flex;
  flex-direction: row;
}

.c9 {
  align-items: center;
  display: flex;
  flex-direction: row;
  gap: 8px;
}

.c4 {
  font-size: 1.4rem;
  line-height: 1.43;
  color: #4945ff;
}

.c8 {
  font-weight: 600;
  font-size: 3.2rem;
  line-height: 1.25;
  color: currentcolor;
}

.c13 {
  font-size: 1.2rem;
  line-height: 1.33;
  font-weight: 600;
  color: currentcolor;
}

.c15 {
  border: 0;
  clip: rect(0 0 0 0);
  height: 1px;
  margin: -1px;
  overflow: hidden;
  padding: 0;
  position: absolute;
  width: 1px;
}

.c11 {
  position: relative;
  outline: none;
}

.c11[aria-disabled='true'] {
  pointer-events: none;
}

.c11:after {
  transition-property: all;
  transition-duration: 0.2s;
  border-radius: 8px;
  content: '';
  position: absolute;
  top: -4px;
  bottom: -4px;
  left: -4px;
  right: -4px;
  border: 2px solid transparent;
}

.c11:focus-visible {
  outline: none;
}

.c11:focus-visible:after {
  border-radius: 8px;
  content: '';
  position: absolute;
  top: -5px;
  bottom: -5px;
  left: -5px;
  right: -5px;
  border: 2px solid #4945ff;
}

.c12 {
  height: 3.2rem;
  border: 1px solid #d9d8ff;
  background: #f0f0ff;
  color: #271fe0;
}

.c12 svg {
  height: 1.2rem;
}

.c12[aria-disabled='true'] {
  border: 1px solid #dcdce4;
  background: #eaeaef;
  color: #666687;
}

.c12[aria-disabled='true']:active {
  border: 1px solid #dcdce4;
  background: #eaeaef;
  color: #666687;
}

.c12:hover {
  background-color: #ffffff;
}

.c12:active {
  background-color: #ffffff;
  border: 1px solid #4945ff;
  color: #4945ff;
}

.c14 {
  height: 3.2rem;
  color: #ffffff;
}

.c14 svg {
  height: 1.2rem;
}

.c14[aria-disabled='true'] {
  border: 1px solid #dcdce4;
  background: #eaeaef;
  color: #666687;
}

.c14[aria-disabled='true']:active {
  border: 1px solid #dcdce4;
  background: #eaeaef;
  color: #666687;
}

.c14:hover {
  border: 1px solid #7b79ff;
  background: #7b79ff;
}

.c14:active {
  border: 1px solid #4945ff;
  background: #4945ff;
}

.c3 {
  display: inline-flex;
  align-items: center;
  text-decoration: none;
  gap: 8px;
  position: relative;
  outline: none;
}

.c3 svg {
  font-size: 1rem;
}

.c3 svg path {
  fill: #4945ff;
}

.c3:hover {
  color: #7b79ff;
}

.c3:active {
  color: #271fe0;
}

.c3:after {
  transition-property: all;
  transition-duration: 0.2s;
  border-radius: 8px;
  content: '';
  position: absolute;
  top: -4px;
  bottom: -4px;
  left: -4px;
  right: -4px;
  border: 2px solid transparent;
}

.c3:focus-visible {
  outline: none;
}

.c3:focus-visible:after {
  border-radius: 8px;
  content: '';
  position: absolute;
  top: -5px;
  bottom: -5px;
  left: -5px;
  right: -5px;
  border: 2px solid #4945ff;
}

<div>
  <div
    style="height: 0px;"
  >
    <div
      class="c0"
      data-strapi-header="true"
    >
      <div
        class="c1"
      >
        <a
          aria-disabled="false"
          class="c2 c3"
          rel="noreferrer noopener"
          target="_blank"
          to="/?folder=2&folderPath=/1"
        >
          <svg
            fill="currentColor"
            height="16"
            viewBox="0 0 32 32"
            width="16"
            xmlns="http://www.w3.org/2000/svg"
          >
            <path
              d="M28.5 16a1.5 1.5 0 0 1-1.5 1.5H8.625l6.44 6.439a1.502 1.502 0 1 1-2.125 2.125l-9-9a1.5 1.5 0 0 1 0-2.125l9-9a1.503 1.503 0 0 1 2.125 2.125L8.625 14.5H27a1.5 1.5 0 0 1 1.5 1.5"
            />
          </svg>
          <span
            class="c4"
          >
            Back
          </span>
        </a>
      </div>
      <div
        class="c5"
      >
        <div
          class="c6 c7"
        >
          <h1
            class="c8"
          >
            Media Library
          </h1>
        </div>
        <div
          class="c9"
        >
          <button
            aria-disabled="false"
            class="c10 c9 c11 c12"
            type="button"
          >
            <div
              aria-hidden="true"
              class=""
            >
              <svg
                fill="currentColor"
                height="16"
                viewBox="0 0 32 32"
                width="16"
                xmlns="http://www.w3.org/2000/svg"
              >
                <path
                  d="M28.5 16a1.5 1.5 0 0 1-1.5 1.5h-9.5V27a1.5 1.5 0 1 1-3 0v-9.5H5a1.5 1.5 0 1 1 0-3h9.5V5a1.5 1.5 0 1 1 3 0v9.5H27a1.5 1.5 0 0 1 1.5 1.5"
                />
              </svg>
            </div>
            <span
              class="c13"
            >
              Add new folder
            </span>
          </button>
          <button
            aria-disabled="false"
            class="c10 c9 c11 c14"
            type="button"
          >
            <div
              aria-hidden="true"
              class=""
            >
              <svg
                fill="currentColor"
                height="16"
                viewBox="0 0 32 32"
                width="16"
                xmlns="http://www.w3.org/2000/svg"
              >
                <path
                  d="M28.5 16a1.5 1.5 0 0 1-1.5 1.5h-9.5V27a1.5 1.5 0 1 1-3 0v-9.5H5a1.5 1.5 0 1 1 0-3h9.5V5a1.5 1.5 0 1 1 3 0v9.5H27a1.5 1.5 0 0 1 1.5 1.5"
                />
              </svg>
            </div>
            <span
              class="c13"
            >
              Add new assets
            </span>
          </button>
        </div>
      </div>
    </div>
  </div>
  <span
    class="c15"
  >
    <p
      aria-live="polite"
      aria-relevant="all"
      id="live-region-log"
      role="log"
    />
    <p
      aria-live="polite"
      aria-relevant="all"
      id="live-region-status"
      role="status"
    />
    <p
      aria-live="assertive"
      aria-relevant="all"
      id="live-region-alert"
      role="alert"
    />
  </span>
</div>
`;
