// Jest Snapshot v1, https://goo.gl/fbAQLP

exports[`<FilterListURLQuery /> renders and matches the snapshot 1`] = `
.c7 {
  border: 0;
  -webkit-clip: rect(0 0 0 0);
  clip: rect(0 0 0 0);
  height: 1px;
  margin: -1px;
  overflow: hidden;
  padding: 0;
  position: absolute;
  width: 1px;
}

.c0 {
  padding: 4px;
}

.c4 {
  font-weight: 500;
  font-size: 0.75rem;
  line-height: 1.33;
  color: #32324d;
}

.c1 {
  background: #f0f0ff;
  color: #4945ff;
  padding-right: 12px;
  padding-left: 12px;
}

.c6 {
  padding-left: 8px;
}

.c3 {
  display: -webkit-box;
  display: -webkit-flex;
  display: -ms-flexbox;
  display: flex;
  -webkit-flex-direction: row;
  -ms-flex-direction: row;
  flex-direction: row;
  -webkit-align-items: center;
  -webkit-box-align: center;
  -ms-flex-align: center;
  align-items: center;
}

.c2 {
  border: 1px solid #d9d8ff;
  border-radius: 4px;
  height: 2rem;
}

.c2 svg {
  height: 0.5rem;
  width: 0.5rem;
}

.c2 svg path {
  fill: #4945ff;
}

.c5 {
  border-right: 1px solid #d9d8ff;
  padding-right: 8px;
}

<div>
  <div
    class="c0"
  >
    <button
      class="c1 c2"
    >
      <div
        class="c3"
      >
        <span
          class="c4 c5"
        >
          bool
           
          is
           
          true
        </span>
        <div
          class="c6"
        >
          <div
            class="c3"
          >
            <svg
              fill="none"
              height="1em"
              viewBox="0 0 24 24"
              width="1em"
              xmlns="http://www.w3.org/2000/svg"
            >
              <path
                d="M24 2.417L21.583 0 12 9.583 2.417 0 0 2.417 9.583 12 0 21.583 2.417 24 12 14.417 21.583 24 24 21.583 14.417 12 24 2.417z"
                fill="#32324D"
              />
            </svg>
          </div>
        </div>
      </div>
    </button>
  </div>
  <div
    class="c0"
  >
    <button
      class="c1 c2"
    >
      <div
        class="c3"
      >
        <span
          class="c4 c5"
        >
          date
           
          is
           
          Wednesday, September 1, 2021
        </span>
        <div
          class="c6"
        >
          <div
            class="c3"
          >
            <svg
              fill="none"
              height="1em"
              viewBox="0 0 24 24"
              width="1em"
              xmlns="http://www.w3.org/2000/svg"
            >
              <path
                d="M24 2.417L21.583 0 12 9.583 2.417 0 0 2.417 9.583 12 0 21.583 2.417 24 12 14.417 21.583 24 24 21.583 14.417 12 24 2.417z"
                fill="#32324D"
              />
            </svg>
          </div>
        </div>
      </div>
    </button>
  </div>
  <div
    class="c0"
  >
    <button
      class="c1 c2"
    >
      <div
        class="c3"
      >
        <span
          class="c4 c5"
        >
          enum
           
          is
           
          one
        </span>
        <div
          class="c6"
        >
          <div
            class="c3"
          >
            <svg
              fill="none"
              height="1em"
              viewBox="0 0 24 24"
              width="1em"
              xmlns="http://www.w3.org/2000/svg"
            >
              <path
                d="M24 2.417L21.583 0 12 9.583 2.417 0 0 2.417 9.583 12 0 21.583 2.417 24 12 14.417 21.583 24 24 21.583 14.417 12 24 2.417z"
                fill="#32324D"
              />
            </svg>
          </div>
        </div>
      </div>
    </button>
  </div>
  <div
    class="c0"
  >
    <button
      class="c1 c2"
    >
      <div
        class="c3"
      >
        <span
          class="c4 c5"
        >
          long
           
          is
           
          test
        </span>
        <div
          class="c6"
        >
          <div
            class="c3"
          >
            <svg
              fill="none"
              height="1em"
              viewBox="0 0 24 24"
              width="1em"
              xmlns="http://www.w3.org/2000/svg"
            >
              <path
                d="M24 2.417L21.583 0 12 9.583 2.417 0 0 2.417 9.583 12 0 21.583 2.417 24 12 14.417 21.583 24 24 21.583 14.417 12 24 2.417z"
                fill="#32324D"
              />
            </svg>
          </div>
        </div>
      </div>
    </button>
  </div>
  <div
    class="c0"
  >
    <button
      class="c1 c2"
    >
      <div
        class="c3"
      >
        <span
          class="c4 c5"
        >
          many_to_one
           
          is
           
          test
        </span>
        <div
          class="c6"
        >
          <div
            class="c3"
          >
            <svg
              fill="none"
              height="1em"
              viewBox="0 0 24 24"
              width="1em"
              xmlns="http://www.w3.org/2000/svg"
            >
              <path
                d="M24 2.417L21.583 0 12 9.583 2.417 0 0 2.417 9.583 12 0 21.583 2.417 24 12 14.417 21.583 24 24 21.583 14.417 12 24 2.417z"
                fill="#32324D"
              />
            </svg>
          </div>
        </div>
      </div>
    </button>
  </div>
  <div
    class="c0"
  >
    <button
      class="c1 c2"
    >
      <div
        class="c3"
      >
        <span
          class="c4 c5"
        >
          number
           
          is
           
          2
        </span>
        <div
          class="c6"
        >
          <div
            class="c3"
          >
            <svg
              fill="none"
              height="1em"
              viewBox="0 0 24 24"
              width="1em"
              xmlns="http://www.w3.org/2000/svg"
            >
              <path
                d="M24 2.417L21.583 0 12 9.583 2.417 0 0 2.417 9.583 12 0 21.583 2.417 24 12 14.417 21.583 24 24 21.583 14.417 12 24 2.417z"
                fill="#32324D"
              />
            </svg>
          </div>
        </div>
      </div>
    </button>
  </div>
  <div
    class="c0"
  >
    <button
      class="c1 c2"
    >
      <div
        class="c3"
      >
        <span
          class="c4 c5"
        >
          time
           
          contains
           
          12:45 AM
        </span>
        <div
          class="c6"
        >
          <div
            class="c3"
          >
            <svg
              fill="none"
              height="1em"
              viewBox="0 0 24 24"
              width="1em"
              xmlns="http://www.w3.org/2000/svg"
            >
              <path
                d="M24 2.417L21.583 0 12 9.583 2.417 0 0 2.417 9.583 12 0 21.583 2.417 24 12 14.417 21.583 24 24 21.583 14.417 12 24 2.417z"
                fill="#32324D"
              />
            </svg>
          </div>
        </div>
      </div>
    </button>
  </div>
  <div
    class="c7"
  >
    <p
      aria-live="polite"
      aria-relevant="all"
      id="live-region-log"
      role="log"
    />
    <p
      aria-live="polite"
      aria-relevant="all"
      id="live-region-status"
      role="status"
    />
    <p
      aria-live="assertive"
      aria-relevant="all"
      id="live-region-alert"
      role="alert"
    />
  </div>
</div>
`;
