// Jest Snapshot v1, https://goo.gl/fbAQLP

exports[`Admin | containers | ListView should match the snapshot 1`] = `
<DocumentFragment>
  <div
    class="sc-bXGyLb lcTfTV"
  >
    <div
      class="sc-chPdSV jmcPdM"
    >
      <div
        class="sticky-wrapper"
      >
        <div
          class="row"
        >
          <div
            class="col-sm-6 header-title"
          >
            <div
              class="sc-kGXeez idElYQ"
            >
              <h1>
                Webhooks
              </h1>
            </div>
            <p>
              Get POST changes notifications.
            </p>
          </div>
          <div
            class="col-sm-6 justify-content-end"
          >
            <div
              class="sc-kgoBCf hhYBts"
            >
              <button
                class="sc-bxivhb cRlNra"
                color="primary"
                label="Add new webhook"
                style="padding-left: 15px; padding-right: 15px;"
                type="button"
              >
                <svg
                  fill="#fff"
                  height="11px"
                  viewBox="0 0 13 13"
                  width="11px"
                  xmlns="http://www.w3.org/2000/svg"
                >
                  <g
                    data-name="Layer 2"
                  >
                    <path
                      d="M6.5.5v12m6-6H.5"
                      fill="none"
                      stroke="#fff"
                      stroke-linecap="round"
                    />
                  </g>
                </svg>
                Add new webhook
              </button>
            </div>
          </div>
        </div>
      </div>
    </div>
    <div
      class="list-wrapper"
    >
      <div
        class="sc-daURTG jsRXtU"
      >
        <p>
          There are no webhooks yet
        </p>
        <p>
          Add your first one to this list.
        </p>
        <a
          href="https://strapi.io/documentation/3.0.0-beta.x/guides/webhooks.html"
          rel="noopener noreferrer"
          target="_blank"
        >
          See our documentation
        </a>
      </div>
      <div
        class="sc-gxMtzJ gUEbUR"
      >
        <button
          class="sc-bxivhb cRlNra"
          color="primary"
          label="Add new webhook"
          type="button"
        >
          <span
            class="sc-iRbamj bybvAC"
          >
            <svg
              fill="#007eff"
              height="11px"
              viewBox="0 0 13 13"
              width="11px"
              xmlns="http://www.w3.org/2000/svg"
            >
              <g
                data-name="Layer 2"
              >
                <path
                  d="M6.5.5v12m6-6H.5"
                  fill="none"
                  stroke="#007eff"
                  stroke-linecap="round"
                />
              </g>
            </svg>
          </span>
          Add new webhook
        </button>
      </div>
    </div>
    <div
      class="sc-hMFtBS eDSczM"
    />
  </div>
</DocumentFragment>
`;
