// Jest Snapshot v1, https://goo.gl/fbAQLP

exports[`Media Library | Breadcrumbs should render and match snapshot 1`] = `
.c3 {
  cursor: pointer;
}

.c5 {
  padding-inline-end: 4px;
  padding-inline-start: 4px;
}

.c7 {
  background: #4945ff;
  padding-block: 8px;
  padding-inline: 8px;
  padding-block-start: 4px;
  padding-inline-end: 12px;
  padding-block-end: 4px;
  padding-inline-start: 12px;
  border-radius: 4px;
  border-color: #4945ff;
  border: 1px solid #4945ff;
  cursor: pointer;
}

.c13 {
  padding-block-start: 4px;
  padding-inline-end: 8px;
  padding-block-end: 4px;
  padding-inline-start: 8px;
}

.c0 {
  align-items: center;
  display: flex;
  flex-direction: row;
}

.c2 {
  align-items: center;
  display: inline-flex;
  flex-direction: row;
}

.c8 {
  align-items: center;
  display: flex;
  flex-direction: row;
  gap: 8px;
}

.c6 {
  font-size: 1.2rem;
  line-height: 1.33;
  color: #8e8ea9;
}

.c12 {
  font-size: 1.2rem;
  line-height: 1.33;
  font-weight: 600;
  color: currentcolor;
}

.c14 {
  font-size: 1.2rem;
  line-height: 1.33;
  font-weight: 600;
  color: #32324d;
}

.c15 {
  border: 0;
  clip: rect(0 0 0 0);
  height: 1px;
  margin: -1px;
  overflow: hidden;
  padding: 0;
  position: absolute;
  width: 1px;
}

.c9 {
  position: relative;
  outline: none;
}

.c9[aria-disabled='true'] {
  pointer-events: none;
}

.c9:after {
  transition-property: all;
  transition-duration: 0.2s;
  border-radius: 8px;
  content: '';
  position: absolute;
  top: -4px;
  bottom: -4px;
  left: -4px;
  right: -4px;
  border: 2px solid transparent;
}

.c9:focus-visible {
  outline: none;
}

.c9:focus-visible:after {
  border-radius: 8px;
  content: '';
  position: absolute;
  top: -5px;
  bottom: -5px;
  left: -5px;
  right: -5px;
  border: 2px solid #4945ff;
}

.c1>*:first-child {
  margin-left: calc(-1*8px);
}

.c4 {
  border-radius: 4px;
  color: #666687;
  font-size: 1.2rem;
  line-height: 1.43;
  padding: 4px 8px;
  text-decoration: none;
}

.c4 :hover,
.c4 :focus {
  background-color: #dcdce4;
  color: #4a4a6a;
}

.c10 {
  height: 3.2rem;
  border: 1px solid transparent;
  background: transparent;
  color: #32324d;
}

.c10 svg {
  height: 1.2rem;
}

.c10[aria-disabled='true'] {
  border: 1px solid #dcdce4;
  background: #eaeaef;
  color: #666687;
}

.c10[aria-disabled='true']:active {
  border: 1px solid #dcdce4;
  background: #eaeaef;
  color: #666687;
}

.c10:hover {
  background-color: #f6f6f9;
}

.c10:active {
  border: 1px solid;
}

.c10 svg {
  fill: #8e8ea9;
}

.c11 {
  padding: 4px 8px;
  height: unset;
}

.c11 :hover,
.c11 :focus {
  background-color: #dcdce4;
}

<div>
  <nav
    aria-label="Navigation"
    class=""
  >
    <ol
      class="c0 c1"
    >
      <li
        class="c2"
      >
        <a
          aria-current="page"
          aria-disabled="false"
          class="c3 c4 active"
          href="/"
          target="_self"
        >
          Media Library
        </a>
        <div
          aria-hidden="true"
          class="c5"
        >
          <span
            class="c6"
          >
            /
          </span>
        </div>
      </li>
      <li
        class="c2"
      >
        <button
          aria-disabled="false"
          aria-expanded="false"
          aria-haspopup="menu"
          aria-label="Get more ascendants folders"
          class="c7 c8 c9 c10 c11"
          data-state="closed"
          id="radix-:r1:"
          label="..."
          type="button"
        >
          <span
            class="c12"
          >
            ...
          </span>
        </button>
        <div
          aria-hidden="true"
          class="c5"
        >
          <span
            class="c6"
          >
            /
          </span>
        </div>
      </li>
      <li
        class="c2"
      >
        <a
          aria-current="page"
          aria-disabled="false"
          class="c3 c4 active"
          href="/"
          target="_self"
        >
          parent folder
        </a>
        <div
          aria-hidden="true"
          class="c5"
        >
          <span
            class="c6"
          >
            /
          </span>
        </div>
      </li>
      <li
        class="c2"
      >
        <div
          class="c13"
        >
          <span
            aria-current="true"
            class="c14"
          >
            current folder
          </span>
        </div>
      </li>
    </ol>
  </nav>
  <span
    class="c15"
  >
    <p
      aria-live="polite"
      aria-relevant="all"
      id="live-region-log"
      role="log"
    />
    <p
      aria-live="polite"
      aria-relevant="all"
      id="live-region-status"
      role="status"
    />
    <p
      aria-live="assertive"
      aria-relevant="all"
      id="live-region-alert"
      role="alert"
    />
  </span>
</div>
`;
