// Jest Snapshot v1, https://goo.gl/fbAQLP

exports[`FromComputerForm snapshots the component 1`] = `
.c0 {
  padding-block-start: 24px;
  padding-inline-end: 40px;
  padding-block-end: 24px;
  padding-inline-start: 40px;
}

.c1 {
  background: #f6f6f9;
  padding-block-start: 64px;
  padding-block-end: 64px;
  border-radius: 4px;
  border-color: #c0c0cf;
  border: 1px solid #c0c0cf;
  position: relative;
}

.c7 {
  padding-block-start: 12px;
  padding-block-end: 20px;
}

.c9 {
  position: absolute;
  left: 0;
  right: 0;
  top: 0;
  bottom: 0;
  z-index: 1;
  width: 100%;
}

.c11 {
  position: relative;
}

.c12 {
  background: #4945ff;
  padding-block: 8px;
  padding-inline: 8px;
  padding-inline-end: 16px;
  padding-inline-start: 16px;
  border-radius: 4px;
  border-color: #4945ff;
  border: 1px solid #4945ff;
  cursor: pointer;
}

.c17 {
  background: #f6f6f9;
  padding-block-start: 16px;
  padding-inline-end: 20px;
  padding-block-end: 16px;
  padding-inline-start: 20px;
}

.c8 {
  font-weight: 500;
  font-size: 1.6rem;
  line-height: 1.25;
  color: #666687;
}

.c16 {
  font-size: 1.2rem;
  line-height: 1.33;
  font-weight: 600;
  color: currentcolor;
}

.c3 {
  align-items: center;
  display: flex;
  flex-direction: row;
  justify-content: center;
}

.c4 {
  align-items: center;
  display: flex;
  flex-direction: row;
}

.c13 {
  align-items: center;
  display: flex;
  flex-direction: row;
  gap: 8px;
}

.c19 {
  align-items: center;
  display: flex;
  flex-direction: row;
  justify-content: space-between;
}

.c21 {
  border: 0;
  clip: rect(0 0 0 0);
  height: 1px;
  margin: -1px;
  overflow: hidden;
  padding: 0;
  position: absolute;
  width: 1px;
}

.c14 {
  position: relative;
  outline: none;
}

.c14[aria-disabled='true'] {
  pointer-events: none;
}

.c14:after {
  transition-property: all;
  transition-duration: 0.2s;
  border-radius: 8px;
  content: '';
  position: absolute;
  top: -4px;
  bottom: -4px;
  left: -4px;
  right: -4px;
  border: 2px solid transparent;
}

.c14:focus-visible {
  outline: none;
}

.c14:focus-visible:after {
  border-radius: 8px;
  content: '';
  position: absolute;
  top: -5px;
  bottom: -5px;
  left: -5px;
  right: -5px;
  border: 2px solid #4945ff;
}

.c15 {
  height: 3.2rem;
  color: #ffffff;
}

.c15 svg {
  height: 1.2rem;
}

.c15[aria-disabled='true'] {
  border: 1px solid #dcdce4;
  background: #eaeaef;
  color: #666687;
}

.c15[aria-disabled='true']:active {
  border: 1px solid #dcdce4;
  background: #eaeaef;
  color: #666687;
}

.c15:hover {
  border: 1px solid #7b79ff;
  background: #7b79ff;
}

.c15:active {
  border: 1px solid #4945ff;
  background: #4945ff;
}

.c20 {
  height: 3.2rem;
  border: 1px solid #dcdce4;
  background: #ffffff;
  color: #32324d;
}

.c20 svg {
  height: 1.2rem;
}

.c20[aria-disabled='true'] {
  border: 1px solid #dcdce4;
  background: #eaeaef;
  color: #666687;
}

.c20[aria-disabled='true']:active {
  border: 1px solid #dcdce4;
  background: #eaeaef;
  color: #666687;
}

.c20:hover {
  background-color: #f6f6f9;
}

.c20:active {
  background-color: #eaeaef;
}

.c18 {
  border-radius: 0 0 4px 4px;
  border-top: 1px solid #eaeaef;
}

.c5 {
  flex-direction: column;
}

.c6 {
  font-size: 6rem;
}

.c6 svg path {
  fill: #4945ff;
}

.c2 {
  border-style: dashed;
}

.c10 {
  opacity: 0;
  cursor: pointer;
}

<div>
  <form>
    <div
      class="c0"
    >
      <label>
        <div
          class="c1 c2"
          justifycontent="center"
        >
          <div
            class="c3"
          >
            <div
              class="c4 c5"
            >
              <div
                class="c6"
              >
                <svg
                  aria-hidden="true"
                  fill="currentColor"
                  height="3.2rem"
                  viewBox="0 0 32 32"
                  width="3.2rem"
                  xmlns="http://www.w3.org/2000/svg"
                >
                  <path
                    d="M16 3a13 13 0 1 0 13 13A13.016 13.016 0 0 0 16 3m5 14h-4v4a1 1 0 0 1-2 0v-4h-4a1 1 0 0 1 0-2h4v-4a1 1 0 0 1 2 0v4h4a1 1 0 0 1 0 2"
                  />
                </svg>
              </div>
              <div
                class="c7"
              >
                <span
                  class="c8"
                >
                  Drag & Drop here or
                </span>
              </div>
              <input
                class="c9 c10"
                multiple=""
                name="files"
                tabindex="-1"
                type="file"
              />
              <div
                class="c11"
              >
                <button
                  aria-disabled="false"
                  class="c12 c13 c14 c15"
                  type="button"
                >
                  <span
                    class="c16"
                  >
                    Browse files
                  </span>
                </button>
              </div>
            </div>
          </div>
        </div>
      </label>
    </div>
    <div
      class="c17 c18"
    >
      <div
        class="c19"
      >
        <div
          class="c13"
        >
          <button
            aria-disabled="false"
            class="c12 c13 c14 c20"
            type="button"
          >
            <span
              class="c16"
            >
              cancel
            </span>
          </button>
        </div>
        <div
          class="c13"
        />
      </div>
    </div>
  </form>
  <span
    class="c21"
  >
    <p
      aria-live="polite"
      aria-relevant="all"
      id="live-region-log"
      role="log"
    />
    <p
      aria-live="polite"
      aria-relevant="all"
      id="live-region-status"
      role="status"
    />
    <p
      aria-live="assertive"
      aria-relevant="all"
      id="live-region-alert"
      role="alert"
    />
  </span>
</div>
`;
