// Jest Snapshot v1, https://goo.gl/fbAQLP

exports[`DynamicTable renders and matches the snapshot 1`] = `
.c25 {
  border: 0;
  -webkit-clip: rect(0 0 0 0);
  clip: rect(0 0 0 0);
  height: 1px;
  margin: -1px;
  overflow: hidden;
  padding: 0;
  position: absolute;
  width: 1px;
}

.c4 {
  font-weight: 500;
  font-size: 0.75rem;
  line-height: 1.33;
  color: #32324d;
}

.c9 {
  font-weight: 400;
  font-size: 0.875rem;
  line-height: 1.43;
  color: #32324d;
}

.c14 {
  font-weight: 400;
  font-size: 0.875rem;
  line-height: 1.43;
  color: #666687;
}

.c23 {
  font-weight: 400;
  font-size: 0.75rem;
  line-height: 1.33;
  color: #32324d;
}

.c0 {
  padding-top: 24px;
}

.c8 {
  padding-right: 16px;
  padding-left: 16px;
}

.c10 {
  padding-left: 12px;
}

.c13 {
  padding-left: 8px;
}

.c1 {
  display: -webkit-box;
  display: -webkit-flex;
  display: -ms-flexbox;
  display: flex;
  -webkit-flex-direction: row;
  -ms-flex-direction: row;
  flex-direction: row;
  -webkit-box-pack: justify;
  -webkit-justify-content: space-between;
  -ms-flex-pack: justify;
  justify-content: space-between;
  -webkit-align-items: center;
  -webkit-box-align: center;
  -ms-flex-align: center;
  align-items: center;
}

.c2 {
  display: -webkit-box;
  display: -webkit-flex;
  display: -ms-flexbox;
  display: flex;
  -webkit-flex-direction: row;
  -ms-flex-direction: row;
  flex-direction: row;
  -webkit-align-items: center;
  -webkit-box-align: center;
  -ms-flex-align: center;
  align-items: center;
}

.c18 {
  border: 0;
  -webkit-clip: rect(0 0 0 0);
  clip: rect(0 0 0 0);
  height: 1px;
  margin: -1px;
  overflow: hidden;
  padding: 0;
  position: absolute;
  width: 1px;
}

.c3 {
  display: -webkit-box;
  display: -webkit-flex;
  display: -ms-flexbox;
  display: flex;
  -webkit-flex-direction: column;
  -ms-flex-direction: column;
  flex-direction: column;
}

.c3 > * {
  margin-top: 0;
  margin-bottom: 0;
}

.c3 > * + * {
  margin-top: 0px;
}

.c15 > * + * {
  margin-left: 4px;
}

.c21 {
  line-height: revert;
}

.c16 {
  padding: 12px;
  border-radius: 4px;
  -webkit-text-decoration: none;
  text-decoration: none;
  display: -webkit-box;
  display: -webkit-flex;
  display: -ms-flexbox;
  display: flex;
}

.c19 {
  padding: 12px;
  border-radius: 4px;
  box-shadow: 0px 1px 4px rgba(33,33,52,0.1);
  -webkit-text-decoration: none;
  text-decoration: none;
  display: -webkit-box;
  display: -webkit-flex;
  display: -ms-flexbox;
  display: flex;
}

.c20 {
  color: #271fe0;
  background: #ffffff;
}

.c20:hover {
  box-shadow: 0px 1px 4px rgba(33,33,52,0.1);
}

.c22 {
  color: #32324d;
}

.c22:hover {
  box-shadow: 0px 1px 4px rgba(33,33,52,0.1);
}

.c17 {
  font-size: 0.7rem;
  pointer-events: none;
}

.c17 svg path {
  fill: #c0c0cf;
}

.c17:focus svg path,
.c17:hover svg path {
  fill: #c0c0cf;
}

.c24 {
  font-size: 0.7rem;
}

.c24 svg path {
  fill: #666687;
}

.c24:focus svg path,
.c24:hover svg path {
  fill: #4a4a6a;
}

.c6 {
  position: absolute;
  left: 0;
  right: 0;
  bottom: 0;
  top: 0;
  width: 100%;
  background: transparent;
  border: none;
}

.c6:focus {
  outline: none;
}

.c5 {
  position: relative;
  border: 1px solid #dcdce4;
  padding-right: 12px;
  border-radius: 4px;
  background: #ffffff;
  overflow: hidden;
}

.c5:focus-within {
  border: 1px solid #4945ff;
}

.c11 {
  background: transparent;
  border: none;
  position: relative;
  z-index: 1;
}

.c11 svg {
  height: 0.6875rem;
  width: 0.6875rem;
}

.c11 svg path {
  fill: #666687;
}

.c12 {
  display: -webkit-box;
  display: -webkit-flex;
  display: -ms-flexbox;
  display: flex;
  background: none;
  border: none;
}

.c12 svg {
  width: 0.375rem;
}

.c7 {
  min-height: 2.5rem;
}

<div>
  <div
    class="c0"
  >
    <div
      class="c1"
    >
      <div
        class="c2"
      >
        <div>
          <div
            class="c3"
          >
            <span
              class="c4"
              for="select-1"
              id="select-1-label"
            />
            <div
              class="c5"
            >
              <button
                aria-disabled="false"
                aria-expanded="false"
                aria-haspopup="listbox"
                aria-label="Entries per page"
                aria-labelledby="select-1-label select-1-content"
                class="c6"
                id="select-1"
                type="button"
              />
              <div
                class="c1 c7"
              >
                <div
                  class="c2"
                >
                  <div
                    class="c8"
                  >
                    <span
                      class="c9"
                      id="select-1-content"
                    >
                      10
                    </span>
                  </div>
                </div>
                <div
                  class="c2"
                >
                  <button
                    aria-hidden="true"
                    class="c10 c11 c12"
                    tabindex="-1"
                  >
                    <svg
                      fill="none"
                      height="1em"
                      viewBox="0 0 14 8"
                      width="1em"
                      xmlns="http://www.w3.org/2000/svg"
                    >
                      <path
                        clip-rule="evenodd"
                        d="M14 .889a.86.86 0 01-.26.625L7.615 7.736A.834.834 0 017 8a.834.834 0 01-.615-.264L.26 1.514A.861.861 0 010 .889c0-.24.087-.45.26-.625A.834.834 0 01.875 0h12.25c.237 0 .442.088.615.264a.86.86 0 01.26.625z"
                        fill="#32324D"
                        fill-rule="evenodd"
                      />
                    </svg>
                  </button>
                </div>
              </div>
            </div>
          </div>
        </div>
        <div
          class="c13"
        >
          <label
            class="c14"
            for="page-size"
          >
            Entries per page
          </label>
        </div>
      </div>
      <nav
        aria-label="pagination"
        class=""
      >
        <ul
          class="c2 c15"
        >
          <li>
            <a
              aria-current="page"
              aria-disabled="true"
              class="c16 c17 active"
              href="/settings/user"
              tabindex="-1"
            >
              <div
                class="c18"
              >
                Go to previous page
              </div>
              <svg
                aria-hidden="true"
                fill="none"
                height="1em"
                viewBox="0 0 10 16"
                width="1em"
                xmlns="http://www.w3.org/2000/svg"
              >
                <path
                  d="M9.88 14.12L3.773 8 9.88 1.88 8 0 0 8l8 8 1.88-1.88z"
                  fill="#32324D"
                />
              </svg>
            </a>
          </li>
          <li>
            <a
              aria-current="page"
              class="c19 c20 active"
              href="/settings/user?pageSize=10&page=1&sort=firstname"
            >
              <div
                class="c18"
              >
                Go to page 1
              </div>
              <span
                aria-hidden="true"
                class="c4 c21"
              >
                1
              </span>
            </a>
          </li>
          <li>
            <a
              aria-current="page"
              class="c16 c22 active"
              href="/settings/user?pageSize=10&page=2&sort=firstname"
            >
              <div
                class="c18"
              >
                Go to page 2
              </div>
              <span
                aria-hidden="true"
                class="c23 c21"
              >
                2
              </span>
            </a>
          </li>
          <li>
            <a
              aria-current="page"
              aria-disabled="false"
              class="c16 c24 active"
              href="/settings/user?pageSize=10&page=2&sort=firstname"
            >
              <div
                class="c18"
              >
                Go to next page
              </div>
              <svg
                aria-hidden="true"
                fill="none"
                height="1em"
                viewBox="0 0 10 16"
                width="1em"
                xmlns="http://www.w3.org/2000/svg"
              >
                <path
                  d="M0 1.88L6.107 8 0 14.12 1.88 16l8-8-8-8L0 1.88z"
                  fill="#32324D"
                />
              </svg>
            </a>
          </li>
        </ul>
      </nav>
    </div>
  </div>
  <div
    class="c25"
  >
    <p
      aria-live="polite"
      id="live-region-log"
      role="log"
    />
    <p
      aria-live="polite"
      id="live-region-status"
      role="status"
    />
    <p
      aria-live="assertive"
      id="live-region-alert"
      role="alert"
    />
  </div>
</div>
`;
