// Jest Snapshot v1, https://goo.gl/fbAQLP

exports[`MediaLibrary / AssetList snapshots the asset list 1`] = `
.c1 {
  height: 100%;
}

.c3 {
  background: #ffffff;
  border-radius: 4px;
  border-style: solid;
  border-width: 1px;
  border-color: #eaeaef;
  box-shadow: 0px 1px 4px rgba(33, 33, 52, 0.1);
  height: 100%;
}

.c5 {
  position: relative;
}

.c13 {
  padding-block-start: 8px;
  padding-inline-end: 12px;
  padding-block-end: 8px;
  padding-inline-start: 12px;
}

.c16 {
  padding-block-start: 4px;
}

.c20 {
  padding-block-start: 4px;
  flex-grow: 1;
}

.c23 {
  background: #eaeaef;
  padding-inline-end: 8px;
  padding-inline-start: 8px;
  min-width: 20px;
}

.c30 {
  background: #32324d;
  color: #ffffff;
  padding-block: 4px;
  padding-inline: 4px;
  border-radius: 4px;
  position: absolute;
  right: 4px;
  bottom: 4px;
}

.c32 {
  width: 100%;
  height: 16.4rem;
}

.c6 {
  align-items: center;
  display: flex;
  flex-direction: row;
  justify-content: center;
}

.c8 {
  align-items: center;
  display: flex;
  flex-direction: row;
  gap: 8px;
}

.c14 {
  align-items: flex-start;
  display: flex;
  flex-direction: row;
}

.c21 {
  align-items: center;
  display: flex;
  flex-direction: row;
}

.c24 {
  align-items: center;
  display: inline-flex;
  flex-direction: row;
  justify-content: center;
}

.c17 {
  font-size: 1.2rem;
  line-height: 1.33;
  font-weight: 600;
  color: #32324d;
}

.c18 {
  font-size: 1.2rem;
  line-height: 1.33;
  color: #666687;
}

.c27 {
  font-weight: 600;
  font-size: 1.1rem;
  line-height: 1.45;
  text-transform: uppercase;
  line-height: 1rem;
  color: #666687;
}

.c31 {
  font-size: 1.2rem;
  line-height: 1.33;
  color: #ffffff;
}

.c29 {
  border: 0;
  clip: rect(0 0 0 0);
  height: 1px;
  margin: -1px;
  overflow: hidden;
  padding: 0;
  position: absolute;
  width: 1px;
}

.c25 {
  border-radius: 4px;
  padding-block: 0.7rem;
}

.c10 {
  min-width: 1.8rem;
  height: 1.8rem;
  margin: 0;
  appearance: none;
  border-radius: 4px;
  border: 1px solid #c0c0cf;
  background-color: #ffffff;
  cursor: pointer;
}

.c10:checked {
  background-color: #4945ff;
  border: 1px solid #4945ff;
}

.c10:checked:after {
  content: '';
  display: block;
  position: relative;
  background: url("data:image/svg+xml,%3csvg%20width='10'%20height='8'%20viewBox='0%200%2010%208'%20fill='none'%20xmlns='http://www.w3.org/2000/svg'%3e%3cpath%20d='M8.55323%200.396973C8.63135%200.316355%208.76051%200.315811%208.83931%200.395768L9.86256%201.43407C9.93893%201.51157%209.93935%201.6359%209.86349%201.7139L4.06401%207.67724C3.9859%207.75755%203.85707%207.75805%203.77834%207.67834L0.13866%203.99333C0.0617798%203.91549%200.0617102%203.79032%200.138504%203.7124L1.16213%202.67372C1.24038%202.59432%201.36843%202.59422%201.4468%202.67348L3.92174%205.17647L8.55323%200.396973Z'%20fill='white'%20/%3e%3c/svg%3e") no-repeat no-repeat center center;
  width: 1rem;
  height: 1rem;
  left: 50%;
  top: 50%;
  transform: translateX(-50%) translateY(-50%);
}

.c10:checked:disabled:after {
  background: url("data:image/svg+xml,%3csvg%20width='10'%20height='8'%20viewBox='0%200%2010%208'%20fill='none'%20xmlns='http://www.w3.org/2000/svg'%3e%3cpath%20d='M8.55323%200.396973C8.63135%200.316355%208.76051%200.315811%208.83931%200.395768L9.86256%201.43407C9.93893%201.51157%209.93935%201.6359%209.86349%201.7139L4.06401%207.67724C3.9859%207.75755%203.85707%207.75805%203.77834%207.67834L0.13866%203.99333C0.0617798%203.91549%200.0617102%203.79032%200.138504%203.7124L1.16213%202.67372C1.24038%202.59432%201.36843%202.59422%201.4468%202.67348L3.92174%205.17647L8.55323%200.396973Z'%20fill='%238E8EA9'%20/%3e%3c/svg%3e") no-repeat no-repeat center center;
}

.c10:disabled {
  background-color: #dcdce4;
  border: 1px solid #c0c0cf;
}

.c10:indeterminate {
  background-color: #4945ff;
  border: 1px solid #4945ff;
}

.c10:indeterminate:after {
  content: '';
  display: block;
  position: relative;
  color: white;
  height: 2px;
  width: 10px;
  background-color: #ffffff;
  left: 50%;
  top: 50%;
  transform: translateX(-50%) translateY(-50%);
}

.c10:indeterminate:disabled {
  background-color: #dcdce4;
  border: 1px solid #c0c0cf;
}

.c10:indeterminate:disabled:after {
  background-color: #8e8ea9;
}

.c9 {
  position: absolute;
  top: 12px;
  left: 12px;
}

.c12 {
  margin: 0;
  padding: 0;
  max-height: 100%;
  max-width: 100%;
  object-fit: contain;
}

.c11 {
  display: flex;
  justify-content: center;
  height: 16.4rem;
  width: 100%;
  background: repeating-conic-gradient(#f6f6f9 0% 25%, transparent 0% 50%) 50%/20px 20px;
  border-top-left-radius: 4px;
  border-top-right-radius: 4px;
}

.c22 {
  margin-left: auto;
  flex-shrink: 0;
}

.c26 {
  margin-left: 4px;
}

.c15 {
  word-break: break-all;
}

.c7 {
  border-bottom: 1px solid #eaeaef;
}

.c0 {
  display: grid;
  grid-template-columns: repeat(12, 1fr);
  gap: 16px;
}

.c2 {
  grid-column: span 3;
  max-width: 100%;
}

.c19 {
  text-transform: uppercase;
}

.c4 {
  cursor: pointer;
}

.c34 svg {
  font-size: 4.8rem;
}

.c33 {
  border-radius: 4px 4px 0 0;
  background: linear-gradient(180deg, #ffffff 0%, #f6f6f9 121.48%);
}

.c28 canvas,
.c28 video {
  display: block;
  pointer-events: none;
  max-width: 100%;
  max-height: 16.4rem;
}

@media (max-width: 1100px) {
  .c2 {
    grid-column: span;
  }
}

@media (max-width: 550px) {
  .c2 {
    grid-column: span;
  }
}

<div>
  <div
    class=""
  >
    <div
      class="c0"
    >
      <div
        class="c1 c2"
      >
        <article
          aria-labelledby=":r0:-title"
          class="c3 c4"
          role="button"
          tabindex="-1"
        >
          <div
            class="c5 c6 c7"
          >
            <div>
              <div
                class="c8 c9"
              >
                <input
                  aria-labelledby=":r0:-title"
                  class="c10"
                  type="checkbox"
                />
              </div>
            </div>
            <div
              class="c11"
            >
              <img
                alt="strapi-cover_1fabc982ce.png"
                aria-hidden="true"
                class="c12"
                src="http://localhost:1337/uploads/thumbnail_strapi_cover_1fabc982ce_5b43615ed5.png?updatedAt=2021-09-14T07%3A32%3A50.816Z"
              />
            </div>
          </div>
          <div
            class="c13"
          >
            <div
              class="c14"
            >
              <div
                class="c15"
              >
                <div
                  class="c16"
                >
                  <h2
                    class="c17"
                    id=":r0:-title"
                  >
                    strapi-cover_1fabc982ce.png
                  </h2>
                </div>
                <div
                  class="c18"
                >
                  <span
                    class="c19"
                  >
                    png
                  </span>
                   - 1066âœ•551
                </div>
              </div>
              <div
                class="c20 c21"
              >
                <div
                  class="c22"
                >
                  <div
                    class="c23 c24 c25 c26"
                  >
                    <span
                      class="c27"
                    >
                      Image
                    </span>
                  </div>
                </div>
              </div>
            </div>
          </div>
        </article>
      </div>
      <div
        class="c1 c2"
      >
        <article
          aria-labelledby=":r1:-title"
          class="c3 c4"
          role="button"
          tabindex="-1"
        >
          <div
            class="c5 c6 c7"
          >
            <div>
              <div
                class="c8 c9"
              >
                <input
                  aria-labelledby=":r1:-title"
                  class="c10"
                  type="checkbox"
                />
              </div>
            </div>
            <div
              class="c11"
            >
              <div
                class="c28"
              >
                <figure
                  class=""
                >
                  <video
                    crossorigin="anonymous"
                    src="http://localhost:1337/uploads/mov_bbb_2f3907f7aa.mp4"
                  >
                    <source
                      type="video/mp4"
                    />
                  </video>
                  <figcaption
                    class="c29"
                  >
                    mov_bbb.mp4
                  </figcaption>
                </figure>
              </div>
            </div>
            <time
              class="c30"
            >
              <span
                class="c31"
              >
                ...
              </span>
            </time>
          </div>
          <div
            class="c13"
          >
            <div
              class="c14"
            >
              <div
                class="c15"
              >
                <div
                  class="c16"
                >
                  <h2
                    class="c17"
                    id=":r1:-title"
                  >
                    mov_bbb.mp4
                  </h2>
                </div>
                <div
                  class="c18"
                >
                  <span
                    class="c19"
                  >
                    mp4
                  </span>
                </div>
              </div>
              <div
                class="c20 c21"
              >
                <div
                  class="c22"
                >
                  <div
                    class="c23 c24 c25 c26"
                  >
                    <span
                      class="c27"
                    >
                      Video
                    </span>
                  </div>
                </div>
              </div>
            </div>
          </div>
        </article>
      </div>
      <div
        class="c1 c2"
      >
        <article
          aria-labelledby=":r2:-title"
          class="c3 c4"
          role="button"
          tabindex="-1"
        >
          <div
            class="c5 c6 c7"
          >
            <div>
              <div
                class="c8 c9"
              >
                <input
                  aria-labelledby=":r2:-title"
                  class="c10"
                  type="checkbox"
                />
              </div>
            </div>
            <div
              class="c32 c6 c33"
            >
              <span
                class="c34"
              >
                <svg
                  aria-label="CARTE MARIAGE AVS - Printemps.pdf"
                  fill="currentColor"
                  height="16"
                  viewBox="0 0 32 32"
                  width="16"
                  xmlns="http://www.w3.org/2000/svg"
                >
                  <path
                    d="M6 15h20a1 1 0 0 0 1-1v-3a1 1 0 0 0-.293-.707l-7-7A1 1 0 0 0 19 3H7a2 2 0 0 0-2 2v9a1 1 0 0 0 1 1m13-9.5 5.5 5.5H19zM28 19a1 1 0 0 1-1 1h-3v2h2a1 1 0 0 1 0 2h-2v2a1 1 0 0 1-2 0v-7a1 1 0 0 1 1-1h4a1 1 0 0 1 1 1M8 18H6a1 1 0 0 0-1 1v7a1 1 0 1 0 2 0v-1h1a3.5 3.5 0 1 0 0-7m0 5H7v-3h1a1.5 1.5 0 1 1 0 3m8-5h-2a1 1 0 0 0-1 1v7a1 1 0 0 0 1 1h2a4.5 4.5 0 1 0 0-9m0 7h-1v-5h1a2.5 2.5 0 0 1 0 5"
                  />
                </svg>
              </span>
            </div>
          </div>
          <div
            class="c13"
          >
            <div
              class="c14"
            >
              <div
                class="c15"
              >
                <div
                  class="c16"
                >
                  <h2
                    class="c17"
                    id=":r2:-title"
                  >
                    CARTE MARIAGE AVS - Printemps.pdf
                  </h2>
                </div>
                <div
                  class="c18"
                >
                  <span
                    class="c19"
                  >
                    pdf
                  </span>
                </div>
              </div>
              <div
                class="c20 c21"
              >
                <div
                  class="c22"
                >
                  <div
                    class="c23 c24 c25 c26"
                  >
                    <span
                      class="c27"
                    >
                      Doc
                    </span>
                  </div>
                </div>
              </div>
            </div>
          </div>
        </article>
      </div>
    </div>
  </div>
  <span
    class="c29"
  >
    <p
      aria-live="polite"
      aria-relevant="all"
      id="live-region-log"
      role="log"
    />
    <p
      aria-live="polite"
      aria-relevant="all"
      id="live-region-status"
      role="status"
    />
    <p
      aria-live="assertive"
      aria-relevant="all"
      id="live-region-alert"
      role="alert"
    />
  </span>
</div>
`;
