// Jest Snapshot v1, https://goo.gl/fbAQLP

exports[`<Loader /> should not crash 1`] = `
<div
  className="sc-dnqmqq kxBSrw"
>
  <div
    className="centered"
  >
    <div>
      <div />
    </div>
  </div>
</div>
`;
