// Jest Snapshot v1, https://goo.gl/fbAQLP

exports[`CTB <App /> GetData saga should call the strapi.notification if the request fails 1`] = `
Object {
  "@@redux-saga/IO": true,
  "CALL": Object {
    "args": Array [
      "/content-type-builder/models",
      Object {
        "method": "GET",
      },
    ],
    "context": null,
    "fn": [Function],
  },
}
`;

exports[`CTB <App /> GetData saga should dispatch the getDataSucceeded action if it requests the data successfully 1`] = `
Object {
  "@@redux-saga/IO": true,
  "CALL": Object {
    "args": Array [
      "/content-type-builder/models",
      Object {
        "method": "GET",
      },
    ],
    "context": null,
    "fn": [Function],
  },
}
`;
